Archive member included to satisfy reference by file (symbol)

..\src\config\default\driver\pds\pds.a(wlPdsDataServer.o)
                              build/default/production/_ext/1360937237/app_idle_task.o (PDS_GetPendingItemsCount)
..\src\config\default\driver\pds\pds.a(wlPdsInit.o)
                              build/default/production/_ext/1171490990/initialization.o (PDS_Init)
..\src\config\default\driver\pds\pds.a(D_Nv.o)
                              ..\src\config\default\driver\pds\pds.a(wlPdsInit.o) (D_Nv_Init)
..\src\config\default\driver\pds\pds.a(S_Nv-Chimera.o)
                              ..\src\config\default\driver\pds\pds.a(wlPdsInit.o) (S_Nv_Init)
..\src\config\default\driver\device_support\pic32cx_bz2_device_support.a(info_block.o)
                              build/default/production/_ext/745501718/pal.o (IB_GetAntennaGain)
..\src\config\default\driver\device_support\pic32cx_bz2_device_support.a(rf_system.o)
                              build/default/production/_ext/1360937237/app_idle_task.o (RF_NeedCal)
..\src\config\default\driver\device_support\pic32cx_bz2_device_support.a(info_block_plat.o)
                              ..\src\config\default\driver\device_support\pic32cx_bz2_device_support.a(info_block.o) (IB_PMU_REG_proc)
..\src\config\default\driver\device_support\pic32cx_bz2_device_support.a(pmu_dvr.o)
                              ..\src\config\default\driver\device_support\pic32cx_bz2_device_support.a(info_block_plat.o) (PMU_Write_Reg)
..\src\config\default\driver\device_support\pic32cx_bz2_device_support.a(rf.o)
                              ..\src\config\default\driver\device_support\pic32cx_bz2_device_support.a(rf_system.o) (RF_Write_Reg)
..\src\config\default\driver\lib\lib-ieee802154_phy_pic32cxbz-v1.1.0.a(phy.o)
                              build/default/production/_ext/957911548/phy_task.o (PHY_TaskHandler)
..\src\config\default\driver\lib\lib-ieee802154_phy_pic32cxbz-v1.1.0.a(phy_ed.o)
                              build/default/production/_ext/297566330/app_p2p_phy.o (PHY_EdStart)
..\src\config\default\driver\lib\lib-ieee802154_phy_pic32cxbz-v1.1.0.a(phy_helper.o)
                              build/default/production/_ext/767817240/app_phy_cmd_processor.o (PHY_ConfigRxSensitivity)
..\src\config\default\driver\lib\lib-ieee802154_phy_pic32cxbz-v1.1.0.a(phy_init.o)
                              build/default/production/_ext/767817240/app_phy_cmd_processor.o (PHY_Init)
..\src\config\default\driver\lib\lib-ieee802154_phy_pic32cxbz-v1.1.0.a(phy_irq_handler.o)
                              ..\src\config\default\driver\lib\lib-ieee802154_phy_pic32cxbz-v1.1.0.a(phy_init.o) (trx_irq_init)
..\src\config\default\driver\lib\lib-ieee802154_phy_pic32cxbz-v1.1.0.a(phy_pib.o)
                              ..\src\config\default\driver\lib\lib-ieee802154_phy_pic32cxbz-v1.1.0.a(phy_helper.o) (tx_pwr_table_mpalpa)
..\src\config\default\driver\lib\lib-ieee802154_phy_pic32cxbz-v1.1.0.a(phy_pwr_mgmt.o)
                              build/default/production/_ext/767817240/app_phy_cmd_processor.o (PHY_TrxSleep)
..\src\config\default\driver\lib\lib-ieee802154_phy_pic32cxbz-v1.1.0.a(phy_rx.o)
                              ..\src\config\default\driver\lib\lib-ieee802154_phy_pic32cxbz-v1.1.0.a(phy_irq_handler.o) (handle_received_frame_irq)
..\src\config\default\driver\lib\lib-ieee802154_phy_pic32cxbz-v1.1.0.a(phy_rx_enable.o)
                              build/default/production/_ext/297566330/app_p2p_phy.o (PHY_RxEnable)
..\src\config\default\driver\lib\lib-ieee802154_phy_pic32cxbz-v1.1.0.a(phy_tx.o)
                              build/default/production/_ext/297566330/app_p2p_phy.o (PHY_TxFrame)
..\src\config\default\driver\lib\lib-ieee802154_phy_pic32cxbz-v1.1.0.a(tfa.o)
                              build/default/production/_ext/767817240/app_phy_cmd_processor.o (PHY_CCAPerform)
c:/program files/microchip/xc32/v4.30/bin/bin/../../lib/gcc/pic32c/8.3.1/../../../../pic32c/lib/thumb/v7e-m+fp/hard\libpic32c.a(data_init.o)
                              build/default/production/_ext/1171490990/startup_xc32.o (__pic32c_data_initialization)
c:/program files/microchip/xc32/v4.30/bin/bin/../../lib/gcc/pic32c/8.3.1/../../../../pic32c/lib/thumb/v7e-m+fp/hard\libm-fast-emfloat.a(round.o)
                              ..\src\config\default\driver\device_support\pic32cx_bz2_device_support.a(rf_system.o) (round)
c:/program files/microchip/xc32/v4.30/bin/bin/../../lib/gcc/pic32c/8.3.1/../../../../pic32c/lib/thumb/v7e-m+fp/hard\libm-fast-emfloat.a(pow.o)
                              ..\src\config\default\driver\device_support\pic32cx_bz2_device_support.a(rf_system.o) (pow)
c:/program files/microchip/xc32/v4.30/bin/bin/../../lib/gcc/pic32c/8.3.1/../../../../pic32c/lib/thumb/v7e-m+fp/hard\libm-fast-emfloat.a(__aeabi_dadd.o)
                              ..\src\config\default\driver\lib\lib-ieee802154_phy_pic32cxbz-v1.1.0.a(phy_helper.o) (__aeabi_dadd)
[...]
Memory Configuration

Name             Origin             Length             Attributes
boot_rom         0x00000000         0x00005e00         xrl
pds              0x01000000         0x00004000         xr
rom              0x01004000         0x000fc000         xrl
ram              0x20000000         0x00020000         xw !r
bkupram          0x44014000         0x00002000
config_00045F80  0x00045f80         0x00000004
config_00045E80  0x00045e80         0x00000004
config_00045F84  0x00045f84         0x00000004
config_00045F88  0x00045f88         0x00000004
config_00045E8C  0x00045e8c         0x00000004
config_00045E90  0x00045e90         0x00000004
config_00045E98  0x00045e98         0x00000004
config_00045E94  0x00045e94         0x00000004
config_00045F98  0x00045f98         0x00000004
config_00045E84  0x00045e84         0x00000004
config_00045E9C  0x00045e9c         0x00000004
config_00045EB0  0x00045eb0         0x00000004
config_00045F9C  0x00045f9c         0x00000004
config_00045FB0  0x00045fb0         0x00000004
config_00045E88  0x00045e88         0x00000004
config_00045EB4  0x00045eb4         0x00000004
config_00045FB8  0x00045fb8         0x00000004
config_00045FB4  0x00045fb4         0x00000004
config_00045FBC  0x00045fbc         0x00000004
config_00045F8C  0x00045f8c         0x00000004
config_00045EB8  0x00045eb8         0x00000004
config_00045F90  0x00045f90         0x00000004
config_00045EBC  0x00045ebc         0x00000004
config_00045F94  0x00045f94         0x00000004
*default*        0x00000000         0xffffffff

Linker script and memory map

LOAD c:/program files/microchip/xc32/v4.30/bin/bin/../../lib/gcc/pic32c/8.3.1/thumb/v7e-m+fp/hard/crti.o
LOAD c:/program files/microchip/xc32/v4.30/bin/bin/../../lib/gcc/pic32c/8.3.1/thumb/v7e-m+fp/hard/crtbegin.o
LOAD build/default/production/_ext/297566330/app_p2p_phy.o
LOAD build/default/production/_ext/767817240/app_phy_cmd_processor.o
LOAD build/default/production/_ext/1529399856/osal_freertos.o
LOAD build/default/production/_ext/1529399856/osal_freertos_extend.o
LOAD build/default/production/_ext/60165520/plib_clk.o
LOAD build/default/production/_ext/1865131932/plib_cmcc.o
LOAD build/default/production/_ext/1986646378/plib_evsys.o
LOAD build/default/production/_ext/1865254177/plib_gpio.o
LOAD build/default/production/_ext/1865468468/plib_nvic.o
LOAD build/default/production/_ext/60176403/plib_nvm.o
LOAD build/default/production/_ext/504274921/plib_sercom0_usart.o
LOAD build/default/production/_ext/829342655/plib_tc0.o
LOAD build/default/production/_ext/163028504/xc32_monitor.o
LOAD build/default/production/_ext/1014039709/sys_cache.o
LOAD build/default/production/_ext/1376093119/sys_command.o
LOAD build/default/production/_ext/1832805299/sys_console.o
LOAD build/default/production/_ext/1832805299/sys_console_uart.o
LOAD build/default/production/_ext/1881668453/sys_int.o
LOAD build/default/production/_ext/1000052432/sys_reset.o
LOAD build/default/production/_ext/101884895/sys_time.o
LOAD build/default/production/_ext/1171490990/exceptions.o
LOAD build/default/production/_ext/1171490990/startup_xc32.o
LOAD build/default/production/_ext/1171490990/initialization.o
LOAD build/default/production/_ext/1171490990/interrupts.o
LOAD build/default/production/_ext/1171490990/tasks.o
LOAD build/default/production/_ext/1171490990/freertos_hooks.o
LOAD build/default/production/_ext/1171490990/libc_syscalls.o
LOAD build/default/production/_ext/246609638/port.o
LOAD build/default/production/_ext/1665200909/heap_4.o
LOAD build/default/production/_ext/404212886/queue.o
LOAD build/default/production/_ext/404212886/timers.o
LOAD build/default/production/_ext/404212886/list.o
LOAD build/default/production/_ext/404212886/croutine.o
LOAD build/default/production/_ext/404212886/event_groups.o
LOAD build/default/production/_ext/404212886/FreeRTOS_tasks.o
LOAD build/default/production/_ext/404212886/stream_buffer.o
LOAD build/default/production/_ext/1360937237/main.o
LOAD build/default/production/_ext/1360937237/app_idle_task.o
LOAD build/default/production/_ext/1360937237/app.o
LOAD build/default/production/_ext/1360937237/app_user_edits.o
LOAD build/default/production/_ext/957911548/phy_tx_frame_done_cb.o
LOAD build/default/production/_ext/957911548/phy_rx_frame_cb.o
LOAD build/default/production/_ext/1374435801/bmm.o
LOAD build/default/production/_ext/745501718/pal.o
LOAD build/default/production/_ext/957911548/phy_task.o
LOAD build/default/production/_ext/957911548/phy_ed_end_cb.o
LOAD build/default/production/_ext/874725666/qmm.o
LOAD build/default/production/_ext/1865569570/plib_rcon.o
LOAD build/default/production/_ext/1865643529/plib_trng.o
LOAD ..\src\config\default\driver\pds\pds.a
LOAD ..\src\config\default\driver\device_support\pic32cx_bz2_device_support.a
LOAD ..\src\config\default\driver\lib\lib-ieee802154_phy_pic32cxbz-v1.1.0.a
                0x00000001                __MPLAB_BUILD = 0x1

.bkupram_data
 *(.bkupram_data .bkupram_data.*)

.bkupram_bss
 *(.bkupram_bss .bkupram_bss.*)
 *(.pbss .pbss.*)
                0x01100000                __rom_end = (ORIGIN (rom) + LENGTH (rom))
                0x20020000                __ram_end = (ORIGIN (ram) + LENGTH (ram))

.config_00045F80
 *(.config_00045F80)

.config_00045E80
 *(.config_00045E80)

.config_00045F84
 *(.config_00045F84)

.config_00045F88
 *(.config_00045F88)

.config_00045E8C
 *(.config_00045E8C)

.config_00045E90
 *(.config_00045E90)

.config_00045E98
 *(.config_00045E98)

.config_00045E94
 *(.config_00045E94)

.config_00045F98
 *(.config_00045F98)

.config_00045E84
 *(.config_00045E84)

.config_00045E9C
 *(.config_00045E9C)

.config_00045EB0
 *(.config_00045EB0)

.config_00045F9C
 *(.config_00045F9C)

.config_00045FB0
 *(.config_00045FB0)

.config_00045E88
 *(.config_00045E88)

.config_00045EB4
 *(.config_00045EB4)

.config_00045FB8
 *(.config_00045FB8)

.config_00045FB4
 *(.config_00045FB4)

.config_00045FBC
 *(.config_00045FBC)

.config_00045F8C
 *(.config_00045F8C)

.config_00045EB8
 *(.config_00045EB8)

.config_00045F90
 *(.config_00045F90)

.config_00045EBC
 *(.config_00045EBC)

.config_00045F94
 *(.config_00045F94)

.vectors        0x00000000       0xe0
                0x00000000                . = ALIGN (0x4)
                0x00000000                _sfixed = .
 *(.vectors .vectors.* .vectors_default .vectors_default.*)
 .vectors.exception_table
                0x00000000       0xe0 build/default/production/_ext/1171490990/interrupts.o
                0x00000000                exception_table
 *(.isr_vector)
 *(.reset*)
 *(.after_vectors)

.dnvMem         0x01000000        0x0
                0x01000000                __d_nv_mem_start = .
                0x01004000                __d_nv_mem_end = (ORIGIN (pds) + LENGTH (pds))

.text           0x01004000       0x20
                0x01004000                PROVIDE (__pds_ff_start = .)
 *(.pds_ff .pds_ff.*)
                [!provide]                PROVIDE (__pds_ff_end = .)
                0x01004000                PROVIDE (__pds_fd_start = .)
 *(.pds_fd .pds_fd.*)
                [!provide]                PROVIDE (__pds_fd_end = .)
                0x01004000                . = ALIGN (0x4)
 *(.glue_7t)
 .glue_7t       0x01004000        0x0 linker stubs
 *(.glue_7)
 .glue_7        0x01004000        0x0 linker stubs
 *(.gnu.linkonce.r.*)
 *(.ARM.extab* .gnu.linkonce.armextab.*)
                0x01004000                . = ALIGN (0x4)
 *(.init)
 .init          0x01004000        0x4 c:/program files/microchip/xc32/v4.30/bin/bin/../../lib/gcc/pic32c/8.3.1/thumb/v7e-m+fp/hard/crti.o
                0x01004000                _init
 .init          0x01004004        0x8 c:/program files/microchip/xc32/v4.30/bin/bin/../../lib/gcc/pic32c/8.3.1/thumb/v7e-m+fp/hard/crtn.o
                0x0100400c                . = ALIGN (0x4)
                0x0100400c                __preinit_array_start = .
 *(.preinit_array)
                0x0100400c                __preinit_array_end = .
                0x0100400c                . = ALIGN (0x4)
                0x0100400c                __init_array_start = .
 *(SORT_BY_NAME(.init_array.*))
 *(.init_array)
 .init_array    0x0100400c        0x4 c:/program files/microchip/xc32/v4.30/bin/bin/../../lib/gcc/pic32c/8.3.1/thumb/v7e-m+fp/hard/crtbegin.o
                0x01004010                __init_array_end = .
                0x01004010                . = ALIGN (0x4)
 *crtbegin.o(.ctors)
 *(EXCLUDE_FILE(*crtend.o) .ctors)
 *(SORT_BY_NAME(.ctors.*))
 *crtend.o(.ctors)
                0x01004010                . = ALIGN (0x4)
 *(.fini)
 .fini          0x01004010        0x4 c:/program files/microchip/xc32/v4.30/bin/bin/../../lib/gcc/pic32c/8.3.1/thumb/v7e-m+fp/hard/crti.o
                0x01004010                _fini
 .fini          0x01004014        0x8 c:/program files/microchip/xc32/v4.30/bin/bin/../../lib/gcc/pic32c/8.3.1/thumb/v7e-m+fp/hard/crtn.o
                0x0100401c                . = ALIGN (0x4)
                0x0100401c                __fini_array_start = .
 *(.fini_array)
 .fini_array    0x0100401c        0x4 c:/program files/microchip/xc32/v4.30/bin/bin/../../lib/gcc/pic32c/8.3.1/thumb/v7e-m+fp/hard/crtbegin.o
 *(SORT_BY_NAME(.fini_array.*))
                0x01004020                __fini_array_end = .
 *crtbegin.o(.dtors)
 *(EXCLUDE_FILE(*crtend.o) .dtors)
 *(SORT_BY_NAME(.dtors.*))
 *crtend.o(.dtors)
                0x01004020                . = ALIGN (0x4)
                0x01004020                _efixed = .
                [!provide]                PROVIDE (__exidx_start = .)

.ARM.exidx      0x01004020        0x8
 *(.ARM.exidx* .gnu.linkonce.armexidx.*)
 .ARM.exidx     0x01004020        0x8 c:/program files/microchip/xc32/v4.30/bin/bin/../../lib/gcc/pic32c/8.3.1/thumb/v7e-m+fp/hard\libgcc.a(_udivmoddi4.o)
                [!provide]                PROVIDE (__exidx_end = .)
                0x01004028                . = ALIGN (0x4)
                0x01004028                _etext = .

.bss            0x20000000      0x168
                0x20000000                . = ALIGN (0x4)
                0x20000000                __bss_start__ = .
                0x20000000                _sbss = .
                0x20000000                _szero = .
 *(COMMON)
 COMMON         0x20000000       0xc8 build/default/production/_ext/297566330/app_p2p_phy.o
                0x20000000                dataModeTimerStartFlag
                0x20000008                appNwkParam
                0x20000078                deviceTable
 COMMON         0x200000c8       0x23 build/default/production/_ext/767817240/app_phy_cmd_processor.o
                0x200000c8                sysTimerFlag
                0x200000e4                modeSwitchFlag
 *fill*         0x200000eb        0x1 
 COMMON         0x200000ec       0x50 build/default/production/_ext/1171490990/initialization.o
                0x200000ec                semPhyInternalHandler
                0x200000f0                sysObj
                0x200000f8                osalAPIList
 COMMON         0x2000013c        0xc build/default/production/_ext/1171490990/tasks.o
                0x2000013c                xPHY_Tasks
                0x20000140                xAPP_Tasks
                0x20000144                xSYS_CMD_Tasks
 COMMON         0x20000148        0xc build/default/production/_ext/1360937237/app.o
                0x20000148                appData
 COMMON         0x20000154       0x11 ..\src\config\default\driver\device_support\pic32cx_bz2_device_support.a(rf_system.o)
                0x20000154                g_validFactoryCalTemp
                0x20000156                g_lastTemperatureDegreeC
                0x20000158                g_vrefComp
                0x2000015c                g_lastCalTime
                0x20000160                g_currentTime
                0x20000164                g_needCal
                0x20000168                . = ALIGN (0x4)
 *fill*         0x20000165        0x3 
                0x20000168                __bss_end__ = .
                0x20000168                _ebss = .
                0x20000168                _ezero = .
                0x20000168                . = ALIGN (0x4)
                0x20000168                _end = .
                0x2001ffff                _ram_end_ = ((ORIGIN (ram) + LENGTH (ram)) - 0x1)
                0x00000400                _min_heap_size = 0x400
START GROUP
LOAD c:/program files/microchip/xc32/v4.30/bin/bin/../../lib/gcc/pic32c/8.3.1/../../../../pic32c/lib/thumb/v7e-m+fp/hard\libpic32c.a
LOAD c:/program files/microchip/xc32/v4.30/bin/bin/../../lib/gcc/pic32c/8.3.1/../../../../pic32c/lib/thumb/v7e-m+fp/hard\libm-fast-emfloat.a
LOAD c:/program files/microchip/xc32/v4.30/bin/bin/../../lib/gcc/pic32c/8.3.1/../../../../pic32c/lib/thumb/v7e-m+fp/hard\libc-musl.a
LOAD c:/program files/microchip/xc32/v4.30/bin/bin/../../lib/gcc/pic32c/8.3.1/../../../../pic32c/lib/thumb/v7e-m+fp/hard\libm-fast-emfloat.a
LOAD c:/program files/microchip/xc32/v4.30/bin/bin/../../lib/gcc/pic32c/8.3.1/thumb/v7e-m+fp/hard\libgcc.a
END GROUP
LOAD c:/program files/microchip/xc32/v4.30/bin/bin/../../lib/gcc/pic32c/8.3.1/thumb/v7e-m+fp/hard/crtend.o
LOAD c:/program files/microchip/xc32/v4.30/bin/bin/../../lib/gcc/pic32c/8.3.1/thumb/v7e-m+fp/hard/crtn.o
OUTPUT(dist/default/production/Curiosity_Test_Receiver.X.production.elf elf32-littlearm)
LOAD data_init
LOAD stack

.ARM.attributes
                0x00000000       0x32
 .ARM.attributes
                0x00000000       0x1e c:/program files/microchip/xc32/v4.30/bin/bin/../../lib/gcc/pic32c/8.3.1/thumb/v7e-m+fp/hard/crti.o
 .ARM.attributes
                0x0000001e       0x34 c:/program files/microchip/xc32/v4.30/bin/bin/../../lib/gcc/pic32c/8.3.1/thumb/v7e-m+fp/hard/crtbegin.o
 .ARM.attributes
                0x00000052       0x34 build/default/production/_ext/297566330/app_p2p_phy.o
 .ARM.attributes
                0x00000086       0x34 build/default/production/_ext/767817240/app_phy_cmd_processor.o
 .ARM.attributes
                0x000000ba       0x34 build/default/production/_ext/1529399856/osal_freertos.o
 .ARM.attributes
                0x000000ee       0x34 build/default/production/_ext/1529399856/osal_freertos_extend.o
 .ARM.attributes
                0x00000122       0x34 build/default/production/_ext/60165520/plib_clk.o
 .ARM.attributes
                0x00000156       0x34 build/default/production/_ext/1986646378/plib_evsys.o
 .ARM.attributes
                0x0000018a       0x34 build/default/production/_ext/1865254177/plib_gpio.o
 .ARM.attributes
                0x000001be       0x34 build/default/production/_ext/1865468468/plib_nvic.o
 .ARM.attributes
                0x000001f2       0x34 build/default/production/_ext/60176403/plib_nvm.o
 .ARM.attributes
                0x00000226       0x34 build/default/production/_ext/504274921/plib_sercom0_usart.o
 .ARM.attributes
                0x0000025a       0x34 build/default/production/_ext/829342655/plib_tc0.o
 .ARM.attributes
                0x0000028e       0x34 build/default/production/_ext/1376093119/sys_command.o
 .ARM.attributes
                0x000002c2       0x34 build/default/production/_ext/1832805299/sys_console.o
 .ARM.attributes
                0x000002f6       0x34 build/default/production/_ext/1832805299/sys_console_uart.o
 .ARM.attributes
                0x0000032a       0x34 build/default/production/_ext/1881668453/sys_int.o
 .ARM.attributes
                0x0000035e       0x34 build/default/production/_ext/1000052432/sys_reset.o
 .ARM.attributes
                0x00000392       0x34 build/default/production/_ext/101884895/sys_time.o
 .ARM.attributes
                0x000003c6       0x34 build/default/production/_ext/1171490990/exceptions.o
 .ARM.attributes
                0x000003fa       0x34 build/default/production/_ext/1171490990/startup_xc32.o
 .ARM.attributes
                0x0000042e       0x34 build/default/production/_ext/1171490990/initialization.o
 .ARM.attributes
                0x00000462       0x34 build/default/production/_ext/1171490990/interrupts.o
 .ARM.attributes
                0x00000496       0x34 build/default/production/_ext/1171490990/tasks.o
 .ARM.attributes
                0x000004ca       0x34 build/default/production/_ext/1171490990/freertos_hooks.o
 .ARM.attributes
                0x000004fe       0x34 build/default/production/_ext/246609638/port.o
 .ARM.attributes
                0x00000532       0x34 build/default/production/_ext/1665200909/heap_4.o
 .ARM.attributes
                0x00000566       0x34 build/default/production/_ext/404212886/queue.o
 .ARM.attributes
                0x0000059a       0x34 build/default/production/_ext/404212886/list.o
 .ARM.attributes
                0x000005ce       0x34 build/default/production/_ext/404212886/FreeRTOS_tasks.o
 .ARM.attributes
                0x00000602       0x34 build/default/production/_ext/1360937237/main.o
 .ARM.attributes
                0x00000636       0x34 build/default/production/_ext/1360937237/app_idle_task.o
 .ARM.attributes
                0x0000066a       0x34 build/default/production/_ext/1360937237/app.o
 .ARM.attributes
                0x0000069e       0x34 build/default/production/_ext/957911548/phy_rx_frame_cb.o
 .ARM.attributes
                0x000006d2       0x34 build/default/production/_ext/1374435801/bmm.o
 .ARM.attributes
                0x00000706       0x34 build/default/production/_ext/745501718/pal.o
 .ARM.attributes
                0x0000073a       0x34 build/default/production/_ext/957911548/phy_task.o
 .ARM.attributes
                0x0000076e       0x34 build/default/production/_ext/957911548/phy_ed_end_cb.o
 .ARM.attributes
                0x000007a2       0x34 build/default/production/_ext/874725666/qmm.o
 .ARM.attributes
                0x000007d6       0x34 build/default/production/_ext/1865643529/plib_trng.o
 .ARM.attributes
                0x0000080a       0x34 ..\src\config\default\driver\pds\pds.a(wlPdsDataServer.o)
 .ARM.attributes
                0x0000083e       0x34 ..\src\config\default\driver\pds\pds.a(wlPdsInit.o)
 .ARM.attributes
                0x00000872       0x34 ..\src\config\default\driver\pds\pds.a(D_Nv.o)
 .ARM.attributes
                0x000008a6       0x34 ..\src\config\default\driver\pds\pds.a(S_Nv-Chimera.o)
 .ARM.attributes
                0x000008da       0x34 ..\src\config\default\driver\device_support\pic32cx_bz2_device_support.a(info_block.o)
 .ARM.attributes
                0x0000090e       0x34 ..\src\config\default\driver\device_support\pic32cx_bz2_device_support.a(rf_system.o)
 .ARM.attributes
                0x00000942       0x34 ..\src\config\default\driver\device_support\pic32cx_bz2_device_support.a(info_block_plat.o)
 .ARM.attributes
                0x00000976       0x34 ..\src\config\default\driver\device_support\pic32cx_bz2_device_support.a(pmu_dvr.o)
 .ARM.attributes
                0x000009aa       0x34 ..\src\config\default\driver\device_support\pic32cx_bz2_device_support.a(rf.o)
 .ARM.attributes
                0x000009de       0x34 ..\src\config\default\driver\lib\lib-ieee802154_phy_pic32cxbz-v1.1.0.a(phy.o)
 .ARM.attributes
                0x00000a12       0x34 ..\src\config\default\driver\lib\lib-ieee802154_phy_pic32cxbz-v1.1.0.a(phy_ed.o)
 .ARM.attributes
                0x00000a46       0x34 ..\src\config\default\driver\lib\lib-ieee802154_phy_pic32cxbz-v1.1.0.a(phy_helper.o)
 .ARM.attributes
                0x00000a7a       0x34 ..\src\config\default\driver\lib\lib-ieee802154_phy_pic32cxbz-v1.1.0.a(phy_init.o)
 .ARM.attributes
                0x00000aae       0x34 ..\src\config\default\driver\lib\lib-ieee802154_phy_pic32cxbz-v1.1.0.a(phy_irq_handler.o)
 .ARM.attributes
                0x00000ae2       0x34 ..\src\config\default\driver\lib\lib-ieee802154_phy_pic32cxbz-v1.1.0.a(phy_pib.o)
 .ARM.attributes
                0x00000b16       0x34 ..\src\config\default\driver\lib\lib-ieee802154_phy_pic32cxbz-v1.1.0.a(phy_pwr_mgmt.o)
 .ARM.attributes
                0x00000b4a       0x34 ..\src\config\default\driver\lib\lib-ieee802154_phy_pic32cxbz-v1.1.0.a(phy_rx.o)
 .ARM.attributes
                0x00000b7e       0x34 ..\src\config\default\driver\lib\lib-ieee802154_phy_pic32cxbz-v1.1.0.a(phy_rx_enable.o)
 .ARM.attributes
                0x00000bb2       0x34 ..\src\config\default\driver\lib\lib-ieee802154_phy_pic32cxbz-v1.1.0.a(phy_tx.o)
 .ARM.attributes
                0x00000be6       0x34 ..\src\config\default\driver\lib\lib-ieee802154_phy_pic32cxbz-v1.1.0.a(tfa.o)
 .ARM.attributes
                0x00000c1a       0x34 c:/program files/microchip/xc32/v4.30/bin/bin/../../lib/gcc/pic32c/8.3.1/../../../../pic32c/lib/thumb/v7e-m+fp/hard\libpic32c.a(data_init.o)
 .ARM.attributes
                0x00000c4e       0x34 c:/program files/microchip/xc32/v4.30/bin/bin/../../lib/gcc/pic32c/8.3.1/../../../../pic32c/lib/thumb/v7e-m+fp/hard\libm-fast-emfloat.a(round.o)
 .ARM.attributes
                0x00000c82       0x34 c:/program files/microchip/xc32/v4.30/bin/bin/../../lib/gcc/pic32c/8.3.1/../../../../pic32c/lib/thumb/v7e-m+fp/hard\libm-fast-emfloat.a(pow.o)
 .ARM.attributes
                0x00000cb6       0x20 c:/program files/microchip/xc32/v4.30/bin/bin/../../lib/gcc/pic32c/8.3.1/../../../../pic32c/lib/thumb/v7e-m+fp/hard\libm-fast-emfloat.a(__aeabi_dadd.o)
 .ARM.attributes
                0x00000cd6       0x20 c:/program files/microchip/xc32/v4.30/bin/bin/../../lib/gcc/pic32c/8.3.1/../../../../pic32c/lib/thumb/v7e-m+fp/hard\libm-fast-emfloat.a(__aeabi_dsub.o)
 .ARM.attributes
                0x00000cf6       0x20 c:/program files/microchip/xc32/v4.30/bin/bin/../../lib/gcc/pic32c/8.3.1/../../../../pic32c/lib/thumb/v7e-m+fp/hard\libm-fast-emfloat.a(__aeabi_dmul.o)
 .ARM.attributes
                0x00000d16       0x20 c:/program files/microchip/xc32/v4.30/bin/bin/../../lib/gcc/pic32c/8.3.1/../../../../pic32c/lib/thumb/v7e-m+fp/hard\libm-fast-emfloat.a(__aeabi_ddiv.o)
 .ARM.attributes
                0x00000d36       0x20 c:/program files/microchip/xc32/v4.30/bin/bin/../../lib/gcc/pic32c/8.3.1/../../../../pic32c/lib/thumb/v7e-m+fp/hard\libm-fast-emfloat.a(__aeabi_dcmpeq.o)
 .ARM.attributes
                0x00000d56       0x20 c:/program files/microchip/xc32/v4.30/bin/bin/../../lib/gcc/pic32c/8.3.1/../../../../pic32c/lib/thumb/v7e-m+fp/hard\libm-fast-emfloat.a(__aeabi_dcmplt.o)
 .ARM.attributes
                0x00000d76       0x20 c:/program files/microchip/xc32/v4.30/bin/bin/../../lib/gcc/pic32c/8.3.1/../../../../pic32c/lib/thumb/v7e-m+fp/hard\libm-fast-emfloat.a(__aeabi_d2iz.o)
 .ARM.attributes
                0x00000d96       0x20 c:/program files/microchip/xc32/v4.30/bin/bin/../../lib/gcc/pic32c/8.3.1/../../../../pic32c/lib/thumb/v7e-m+fp/hard\libm-fast-emfloat.a(__aeabi_d2uiz.o)
 .ARM.attributes
                0x00000db6       0x20 c:/program files/microchip/xc32/v4.30/bin/bin/../../lib/gcc/pic32c/8.3.1/../../../../pic32c/lib/thumb/v7e-m+fp/hard\libm-fast-emfloat.a(__aeabi_i2d.o)
 .ARM.attributes
                0x00000dd6       0x20 c:/program files/microchip/xc32/v4.30/bin/bin/../../lib/gcc/pic32c/8.3.1/../../../../pic32c/lib/thumb/v7e-m+fp/hard\libm-fast-emfloat.a(__aeabi_ul2d.o)
 .ARM.attributes
                0x00000df6       0x20 c:/program files/microchip/xc32/v4.30/bin/bin/../../lib/gcc/pic32c/8.3.1/../../../../pic32c/lib/thumb/v7e-m+fp/hard\libm-fast-emfloat.a(__aeabi_f2d.o)
 .ARM.attributes
                0x00000e16       0x20 c:/program files/microchip/xc32/v4.30/bin/bin/../../lib/gcc/pic32c/8.3.1/../../../../pic32c/lib/thumb/v7e-m+fp/hard\libm-fast-emfloat.a(__aeabi_d2f.o)
 .ARM.attributes
                0x00000e36       0x34 c:/program files/microchip/xc32/v4.30/bin/bin/../../lib/gcc/pic32c/8.3.1/../../../../pic32c/lib/thumb/v7e-m+fp/hard\libm-fast-emfloat.a(log.o)
 .ARM.attributes
                0x00000e6a       0x34 c:/program files/microchip/xc32/v4.30/bin/bin/../../lib/gcc/pic32c/8.3.1/../../../../pic32c/lib/thumb/v7e-m+fp/hard\libm-fast-emfloat.a(exp.o)
 .ARM.attributes
                0x00000e9e       0x34 c:/program files/microchip/xc32/v4.30/bin/bin/../../lib/gcc/pic32c/8.3.1/../../../../pic32c/lib/thumb/v7e-m+fp/hard\libm-fast-emfloat.a(__SEGGER_RTL_float64_Log.o)
 .ARM.attributes
                0x00000ed2       0x34 c:/program files/microchip/xc32/v4.30/bin/bin/../../lib/gcc/pic32c/8.3.1/../../../../pic32c/lib/thumb/v7e-m+fp/hard\libm-fast-emfloat.a(__SEGGER_RTL_float64_PolyEvalP.o)
 .ARM.attributes
                0x00000f06       0x34 c:/program files/microchip/xc32/v4.30/bin/bin/../../lib/gcc/pic32c/8.3.1/../../../../pic32c/lib/thumb/v7e-m+fp/hard\libm-fast-emfloat.a(__SEGGER_RTL_float64_PolyEvalQ.o)
 .ARM.attributes
                0x00000f3a       0x34 c:/program files/microchip/xc32/v4.30/bin/bin/../../lib/gcc/pic32c/8.3.1/../../../../pic32c/lib/thumb/v7e-m+fp/hard\libm-fast-emfloat.a(ldexp.o)
 .ARM.attributes
                0x00000f6e       0x34 c:/program files/microchip/xc32/v4.30/bin/bin/../../lib/gcc/pic32c/8.3.1/../../../../pic32c/lib/thumb/v7e-m+fp/hard\libm-fast-emfloat.a(frexp.o)
 .ARM.attributes
                0x00000fa2       0x36 c:/program files/microchip/xc32/v4.30/bin/bin/../../lib/gcc/pic32c/8.3.1/../../../../pic32c/lib/thumb/v7e-m+fp/hard\libc-musl.a(__libc_start_main.o)
 .ARM.attributes
                0x00000fd8       0x34 c:/program files/microchip/xc32/v4.30/bin/bin/../../lib/gcc/pic32c/8.3.1/../../../../pic32c/lib/thumb/v7e-m+fp/hard\libc-musl.a(__errno_location.o)
 .ARM.attributes
                0x0000100c       0x34 c:/program files/microchip/xc32/v4.30/bin/bin/../../lib/gcc/pic32c/8.3.1/../../../../pic32c/lib/thumb/v7e-m+fp/hard\libc-musl.a(libc.o)
 .ARM.attributes
                0x00001040       0x36 c:/program files/microchip/xc32/v4.30/bin/bin/../../lib/gcc/pic32c/8.3.1/../../../../pic32c/lib/thumb/v7e-m+fp/hard\libc-musl.a(malloc.o)
 .ARM.attributes
                0x00001076       0x36 c:/program files/microchip/xc32/v4.30/bin/bin/../../lib/gcc/pic32c/8.3.1/../../../../pic32c/lib/thumb/v7e-m+fp/hard\libc-musl.a(rand.o)
 .ARM.attributes
                0x000010ac       0x36 c:/program files/microchip/xc32/v4.30/bin/bin/../../lib/gcc/pic32c/8.3.1/../../../../pic32c/lib/thumb/v7e-m+fp/hard\libc-musl.a(vsnprintf.o)
 .ARM.attributes
                0x000010e2       0x36 c:/program files/microchip/xc32/v4.30/bin/bin/../../lib/gcc/pic32c/8.3.1/../../../../pic32c/lib/thumb/v7e-m+fp/hard\libc-musl.a(sprintf.o)
 .ARM.attributes
                0x00001118       0x36 c:/program files/microchip/xc32/v4.30/bin/bin/../../lib/gcc/pic32c/8.3.1/../../../../pic32c/lib/thumb/v7e-m+fp/hard\libc-musl.a(vsprintf.o)
 .ARM.attributes
                0x0000114e       0x36 c:/program files/microchip/xc32/v4.30/bin/bin/../../lib/gcc/pic32c/8.3.1/../../../../pic32c/lib/thumb/v7e-m+fp/hard\libc-musl.a(strtol.o)
 .ARM.attributes
                0x00001184       0x36 c:/program files/microchip/xc32/v4.30/bin/bin/../../lib/gcc/pic32c/8.3.1/../../../../pic32c/lib/thumb/v7e-m+fp/hard\libc-musl.a(memcmp.o)
 .ARM.attributes
                0x000011ba       0x36 c:/program files/microchip/xc32/v4.30/bin/bin/../../lib/gcc/pic32c/8.3.1/../../../../pic32c/lib/thumb/v7e-m+fp/hard\libc-musl.a(memcpy.o)
 .ARM.attributes
                0x000011f0       0x36 c:/program files/microchip/xc32/v4.30/bin/bin/../../lib/gcc/pic32c/8.3.1/../../../../pic32c/lib/thumb/v7e-m+fp/hard\libc-musl.a(memset.o)
 .ARM.attributes
                0x00001226       0x36 c:/program files/microchip/xc32/v4.30/bin/bin/../../lib/gcc/pic32c/8.3.1/../../../../pic32c/lib/thumb/v7e-m+fp/hard\libc-musl.a(strlen.o)
 .ARM.attributes
                0x0000125c       0x36 c:/program files/microchip/xc32/v4.30/bin/bin/../../lib/gcc/pic32c/8.3.1/../../../../pic32c/lib/thumb/v7e-m+fp/hard\libc-musl.a(strchr.o)
 .ARM.attributes
                0x00001292       0x36 c:/program files/microchip/xc32/v4.30/bin/bin/../../lib/gcc/pic32c/8.3.1/../../../../pic32c/lib/thumb/v7e-m+fp/hard\libc-musl.a(strchrnul.o)
 .ARM.attributes
                0x000012c8       0x36 c:/program files/microchip/xc32/v4.30/bin/bin/../../lib/gcc/pic32c/8.3.1/../../../../pic32c/lib/thumb/v7e-m+fp/hard\libc-musl.a(strcmp.o)
 .ARM.attributes
                0x000012fe       0x36 c:/program files/microchip/xc32/v4.30/bin/bin/../../lib/gcc/pic32c/8.3.1/../../../../pic32c/lib/thumb/v7e-m+fp/hard\libc-musl.a(strcpy.o)
 .ARM.attributes
                0x00001334       0x36 c:/program files/microchip/xc32/v4.30/bin/bin/../../lib/gcc/pic32c/8.3.1/../../../../pic32c/lib/thumb/v7e-m+fp/hard\libc-musl.a(strncmp.o)
 .ARM.attributes
                0x0000136a       0x36 c:/program files/microchip/xc32/v4.30/bin/bin/../../lib/gcc/pic32c/8.3.1/../../../../pic32c/lib/thumb/v7e-m+fp/hard\libc-musl.a(strncpy.o)
 .ARM.attributes
                0x000013a0       0x36 c:/program files/microchip/xc32/v4.30/bin/bin/../../lib/gcc/pic32c/8.3.1/../../../../pic32c/lib/thumb/v7e-m+fp/hard\libc-musl.a(strtok.o)
 .ARM.attributes
                0x000013d6       0x34 c:/program files/microchip/xc32/v4.30/bin/bin/../../lib/gcc/pic32c/8.3.1/../../../../pic32c/lib/thumb/v7e-m+fp/hard\libc-musl.a(__environ.o)
 .ARM.attributes
                0x0000140a       0x36 c:/program files/microchip/xc32/v4.30/bin/bin/../../lib/gcc/pic32c/8.3.1/../../../../pic32c/lib/thumb/v7e-m+fp/hard\libc-musl.a(intscan.o)
 .ARM.attributes
                0x00001440       0x36 c:/program files/microchip/xc32/v4.30/bin/bin/../../lib/gcc/pic32c/8.3.1/../../../../pic32c/lib/thumb/v7e-m+fp/hard\libc-musl.a(shgetc.o)
 .ARM.attributes
                0x00001476       0x36 c:/program files/microchip/xc32/v4.30/bin/bin/../../lib/gcc/pic32c/8.3.1/../../../../pic32c/lib/thumb/v7e-m+fp/hard\libc-musl.a(__uflow.o)
 .ARM.attributes
                0x000014ac       0x36 c:/program files/microchip/xc32/v4.30/bin/bin/../../lib/gcc/pic32c/8.3.1/../../../../pic32c/lib/thumb/v7e-m+fp/hard\libc-musl.a(vfprintf.o)
 .ARM.attributes
                0x000014e2       0x36 c:/program files/microchip/xc32/v4.30/bin/bin/../../lib/gcc/pic32c/8.3.1/../../../../pic32c/lib/thumb/v7e-m+fp/hard\libc-musl.a(stpcpy.o)
 .ARM.attributes
                0x00001518       0x36 c:/program files/microchip/xc32/v4.30/bin/bin/../../lib/gcc/pic32c/8.3.1/../../../../pic32c/lib/thumb/v7e-m+fp/hard\libc-musl.a(stpncpy.o)
 .ARM.attributes
                0x0000154e       0x36 c:/program files/microchip/xc32/v4.30/bin/bin/../../lib/gcc/pic32c/8.3.1/../../../../pic32c/lib/thumb/v7e-m+fp/hard\libc-musl.a(strcspn.o)
 .ARM.attributes
                0x00001584       0x36 c:/program files/microchip/xc32/v4.30/bin/bin/../../lib/gcc/pic32c/8.3.1/../../../../pic32c/lib/thumb/v7e-m+fp/hard\libc-musl.a(strspn.o)
 .ARM.attributes
                0x000015ba       0x36 c:/program files/microchip/xc32/v4.30/bin/bin/../../lib/gcc/pic32c/8.3.1/../../../../pic32c/lib/thumb/v7e-m+fp/hard\libc-musl.a(__toread.o)
 .ARM.attributes
                0x000015f0       0x36 c:/program files/microchip/xc32/v4.30/bin/bin/../../lib/gcc/pic32c/8.3.1/../../../../pic32c/lib/thumb/v7e-m+fp/hard\libc-musl.a(__pop_float.o)
 .ARM.attributes
                0x00001626       0x36 c:/program files/microchip/xc32/v4.30/bin/bin/../../lib/gcc/pic32c/8.3.1/../../../../pic32c/lib/thumb/v7e-m+fp/hard\libc-musl.a(__pop_int.o)
 .ARM.attributes
                0x0000165c       0x36 c:/program files/microchip/xc32/v4.30/bin/bin/../../lib/gcc/pic32c/8.3.1/../../../../pic32c/lib/thumb/v7e-m+fp/hard\libc-musl.a(__pop_ptr.o)
 .ARM.attributes
                0x00001692       0x36 c:/program files/microchip/xc32/v4.30/bin/bin/../../lib/gcc/pic32c/8.3.1/../../../../pic32c/lib/thumb/v7e-m+fp/hard\libc-musl.a(__printf_core.o)
 .ARM.attributes
                0x000016c8       0x36 c:/program files/microchip/xc32/v4.30/bin/bin/../../lib/gcc/pic32c/8.3.1/../../../../pic32c/lib/thumb/v7e-m+fp/hard\libc-musl.a(atoi.o)
 .ARM.attributes
                0x000016fe       0x36 c:/program files/microchip/xc32/v4.30/bin/bin/../../lib/gcc/pic32c/8.3.1/../../../../pic32c/lib/thumb/v7e-m+fp/hard\libc-musl.a(tolower.o)
 .ARM.attributes
                0x00001734       0x36 c:/program files/microchip/xc32/v4.30/bin/bin/../../lib/gcc/pic32c/8.3.1/../../../../pic32c/lib/thumb/v7e-m+fp/hard\libc-musl.a(__fmt_a.o)
 .ARM.attributes
                0x0000176a       0x36 c:/program files/microchip/xc32/v4.30/bin/bin/../../lib/gcc/pic32c/8.3.1/../../../../pic32c/lib/thumb/v7e-m+fp/hard\libc-musl.a(__fmt_d.o)
 .ARM.attributes
                0x000017a0       0x36 c:/program files/microchip/xc32/v4.30/bin/bin/../../lib/gcc/pic32c/8.3.1/../../../../pic32c/lib/thumb/v7e-m+fp/hard\libc-musl.a(__fmt_fp.o)
 .ARM.attributes
                0x000017d6       0x36 c:/program files/microchip/xc32/v4.30/bin/bin/../../lib/gcc/pic32c/8.3.1/../../../../pic32c/lib/thumb/v7e-m+fp/hard\libc-musl.a(__fmt_o.o)
 .ARM.attributes
                0x0000180c       0x36 c:/program files/microchip/xc32/v4.30/bin/bin/../../lib/gcc/pic32c/8.3.1/../../../../pic32c/lib/thumb/v7e-m+fp/hard\libc-musl.a(__fmt_s.o)
 .ARM.attributes
                0x00001842       0x36 c:/program files/microchip/xc32/v4.30/bin/bin/../../lib/gcc/pic32c/8.3.1/../../../../pic32c/lib/thumb/v7e-m+fp/hard\libc-musl.a(__fmt_u.o)
 .ARM.attributes
                0x00001878       0x36 c:/program files/microchip/xc32/v4.30/bin/bin/../../lib/gcc/pic32c/8.3.1/../../../../pic32c/lib/thumb/v7e-m+fp/hard\libc-musl.a(__fmt_x.o)
 .ARM.attributes
                0x000018ae       0x36 c:/program files/microchip/xc32/v4.30/bin/bin/../../lib/gcc/pic32c/8.3.1/../../../../pic32c/lib/thumb/v7e-m+fp/hard\libc-musl.a(toupper.o)
 .ARM.attributes
                0x000018e4       0x36 c:/program files/microchip/xc32/v4.30/bin/bin/../../lib/gcc/pic32c/8.3.1/../../../../pic32c/lib/thumb/v7e-m+fp/hard\libc-musl.a(__cvt_u.o)
 .ARM.attributes
                0x0000191a       0x34 c:/program files/microchip/xc32/v4.30/bin/bin/../../lib/gcc/pic32c/8.3.1/../../../../pic32c/lib/thumb/v7e-m+fp/hard\libm-fast-emfloat.a(fma.o)
 .ARM.attributes
                0x0000194e       0x34 c:/program files/microchip/xc32/v4.30/bin/bin/../../lib/gcc/pic32c/8.3.1/../../../../pic32c/lib/thumb/v7e-m+fp/hard\libm-fast-emfloat.a(floor.o)
 .ARM.attributes
                0x00001982       0x20 c:/program files/microchip/xc32/v4.30/bin/bin/../../lib/gcc/pic32c/8.3.1/../../../../pic32c/lib/thumb/v7e-m+fp/hard\libm-fast-emfloat.a(__aeabi_dcmple.o)
 .ARM.attributes
                0x000019a2       0x20 c:/program files/microchip/xc32/v4.30/bin/bin/../../lib/gcc/pic32c/8.3.1/../../../../pic32c/lib/thumb/v7e-m+fp/hard\libm-fast-emfloat.a(__aeabi_dcmpgt.o)
 .ARM.attributes
                0x000019c2       0x1e c:/program files/microchip/xc32/v4.30/bin/bin/../../lib/gcc/pic32c/8.3.1/thumb/v7e-m+fp/hard\libgcc.a(_aeabi_uldivmod.o)
 .ARM.attributes
                0x000019e0       0x34 c:/program files/microchip/xc32/v4.30/bin/bin/../../lib/gcc/pic32c/8.3.1/thumb/v7e-m+fp/hard\libgcc.a(_udivmoddi4.o)
 .ARM.attributes
                0x00001a14       0x1e c:/program files/microchip/xc32/v4.30/bin/bin/../../lib/gcc/pic32c/8.3.1/thumb/v7e-m+fp/hard\libgcc.a(_dvmd_tls.o)
 .ARM.attributes
                0x00001a32       0x1e c:/program files/microchip/xc32/v4.30/bin/bin/../../lib/gcc/pic32c/8.3.1/thumb/v7e-m+fp/hard/crtn.o
 .ARM.attributes
                0x00001a50       0x34 c:/program files/microchip/xc32/v4.30/bin/bin/../../lib/gcc/pic32c/8.3.1/../../../../pic32c/lib/thumb/v7e-m+fp/hard\libpic32c.a(pic32_data_init_clear.o)
 .ARM.attributes
                0x00001a84       0x34 c:/program files/microchip/xc32/v4.30/bin/bin/../../lib/gcc/pic32c/8.3.1/../../../../pic32c/lib/thumb/v7e-m+fp/hard\libpic32c.a(pic32_data_init_copy.o)

.comment        0x00000000       0xd4
 .comment       0x00000000       0x2b c:/program files/microchip/xc32/v4.30/bin/bin/../../lib/gcc/pic32c/8.3.1/thumb/v7e-m+fp/hard/crtbegin.o
                                 0x2c (size before relaxing)
 .comment       0x0000002b       0x2c build/default/production/_ext/297566330/app_p2p_phy.o
 .comment       0x0000002b       0x2c build/default/production/_ext/767817240/app_phy_cmd_processor.o
 .comment       0x0000002b       0x2c build/default/production/_ext/1529399856/osal_freertos.o
 .comment       0x0000002b       0x2c build/default/production/_ext/1529399856/osal_freertos_extend.o
 .comment       0x0000002b       0x2c build/default/production/_ext/60165520/plib_clk.o
 .comment       0x0000002b       0x2c build/default/production/_ext/1986646378/plib_evsys.o
 .comment       0x0000002b       0x2c build/default/production/_ext/1865254177/plib_gpio.o
 .comment       0x0000002b       0x2c build/default/production/_ext/1865468468/plib_nvic.o
 .comment       0x0000002b       0x2c build/default/production/_ext/60176403/plib_nvm.o
 .comment       0x0000002b       0x2c build/default/production/_ext/504274921/plib_sercom0_usart.o
 .comment       0x0000002b       0x2c build/default/production/_ext/829342655/plib_tc0.o
 .comment       0x0000002b       0x2c build/default/production/_ext/1376093119/sys_command.o
 .comment       0x0000002b       0x2c build/default/production/_ext/1832805299/sys_console.o
 .comment       0x0000002b       0x2c build/default/production/_ext/1832805299/sys_console_uart.o
 .comment       0x0000002b       0x2c build/default/production/_ext/1881668453/sys_int.o
 .comment       0x0000002b       0x2c build/default/production/_ext/1000052432/sys_reset.o
 .comment       0x0000002b       0x2c build/default/production/_ext/101884895/sys_time.o
 .comment       0x0000002b       0x2c build/default/production/_ext/1171490990/exceptions.o
 .comment       0x0000002b       0x2c build/default/production/_ext/1171490990/startup_xc32.o
 .comment       0x0000002b       0x2c build/default/production/_ext/1171490990/initialization.o
 .comment       0x0000002b       0x2c build/default/production/_ext/1171490990/interrupts.o
 .comment       0x0000002b       0x2c build/default/production/_ext/1171490990/tasks.o
 .comment       0x0000002b       0x2c build/default/production/_ext/1171490990/freertos_hooks.o
 .comment       0x0000002b       0x2c build/default/production/_ext/246609638/port.o
 .comment       0x0000002b       0x2c build/default/production/_ext/1665200909/heap_4.o
 .comment       0x0000002b       0x2c build/default/production/_ext/404212886/queue.o
 .comment       0x0000002b       0x2c build/default/production/_ext/404212886/list.o
 .comment       0x0000002b       0x2c build/default/production/_ext/404212886/FreeRTOS_tasks.o
 .comment       0x0000002b       0x2c build/default/production/_ext/1360937237/main.o
 .comment       0x0000002b       0x2c build/default/production/_ext/1360937237/app_idle_task.o
 .comment       0x0000002b       0x2c build/default/production/_ext/1360937237/app.o
 .comment       0x0000002b       0x2c build/default/production/_ext/957911548/phy_rx_frame_cb.o
 .comment       0x0000002b       0x2c build/default/production/_ext/1374435801/bmm.o
 .comment       0x0000002b       0x2c build/default/production/_ext/745501718/pal.o
 .comment       0x0000002b       0x2c build/default/production/_ext/957911548/phy_task.o
 .comment       0x0000002b       0x2c build/default/production/_ext/957911548/phy_ed_end_cb.o
 .comment       0x0000002b       0x2c build/default/production/_ext/874725666/qmm.o
 .comment       0x0000002b       0x2c build/default/production/_ext/1865643529/plib_trng.o
 .comment       0x0000002b       0x53 ..\src\config\default\driver\pds\pds.a(wlPdsDataServer.o)
                                 0x54 (size before relaxing)
 .comment       0x0000007e       0x54 ..\src\config\default\driver\pds\pds.a(wlPdsInit.o)
 .comment       0x0000007e       0x54 ..\src\config\default\driver\pds\pds.a(D_Nv.o)
 .comment       0x0000007e       0x54 ..\src\config\default\driver\pds\pds.a(S_Nv-Chimera.o)
 .comment       0x0000007e       0x2b ..\src\config\default\driver\device_support\pic32cx_bz2_device_support.a(info_block.o)
                                 0x2c (size before relaxing)
 .comment       0x000000a9       0x2c ..\src\config\default\driver\device_support\pic32cx_bz2_device_support.a(rf_system.o)
 .comment       0x000000a9       0x2c ..\src\config\default\driver\device_support\pic32cx_bz2_device_support.a(info_block_plat.o)
 .comment       0x000000a9       0x2c ..\src\config\default\driver\device_support\pic32cx_bz2_device_support.a(pmu_dvr.o)
 .comment       0x000000a9       0x2c ..\src\config\default\driver\device_support\pic32cx_bz2_device_support.a(rf.o)
 .comment       0x000000a9       0x2b ..\src\config\default\driver\lib\lib-ieee802154_phy_pic32cxbz-v1.1.0.a(phy.o)
                                 0x2c (size before relaxing)
 .comment       0x000000d4       0x2c ..\src\config\default\driver\lib\lib-ieee802154_phy_pic32cxbz-v1.1.0.a(phy_ed.o)
 .comment       0x000000d4       0x2c ..\src\config\default\driver\lib\lib-ieee802154_phy_pic32cxbz-v1.1.0.a(phy_helper.o)
 .comment       0x000000d4       0x2c ..\src\config\default\driver\lib\lib-ieee802154_phy_pic32cxbz-v1.1.0.a(phy_init.o)
 .comment       0x000000d4       0x2c ..\src\config\default\driver\lib\lib-ieee802154_phy_pic32cxbz-v1.1.0.a(phy_irq_handler.o)
 .comment       0x000000d4       0x2c ..\src\config\default\driver\lib\lib-ieee802154_phy_pic32cxbz-v1.1.0.a(phy_pib.o)
 .comment       0x000000d4       0x2c ..\src\config\default\driver\lib\lib-ieee802154_phy_pic32cxbz-v1.1.0.a(phy_pwr_mgmt.o)
 .comment       0x000000d4       0x2c ..\src\config\default\driver\lib\lib-ieee802154_phy_pic32cxbz-v1.1.0.a(phy_rx.o)
 .comment       0x000000d4       0x2c ..\src\config\default\driver\lib\lib-ieee802154_phy_pic32cxbz-v1.1.0.a(phy_rx_enable.o)
 .comment       0x000000d4       0x2c ..\src\config\default\driver\lib\lib-ieee802154_phy_pic32cxbz-v1.1.0.a(phy_tx.o)
 .comment       0x000000d4       0x2c ..\src\config\default\driver\lib\lib-ieee802154_phy_pic32cxbz-v1.1.0.a(tfa.o)
 .comment       0x000000d4       0x2c c:/program files/microchip/xc32/v4.30/bin/bin/../../lib/gcc/pic32c/8.3.1/../../../../pic32c/lib/thumb/v7e-m+fp/hard\libpic32c.a(data_init.o)
 .comment       0x000000d4       0x2c c:/program files/microchip/xc32/v4.30/bin/bin/../../lib/gcc/pic32c/8.3.1/../../../../pic32c/lib/thumb/v7e-m+fp/hard\libm-fast-emfloat.a(round.o)
 .comment       0x000000d4       0x2c c:/program files/microchip/xc32/v4.30/bin/bin/../../lib/gcc/pic32c/8.3.1/../../../../pic32c/lib/thumb/v7e-m+fp/hard\libm-fast-emfloat.a(pow.o)
 .comment       0x000000d4       0x2c c:/program files/microchip/xc32/v4.30/bin/bin/../../lib/gcc/pic32c/8.3.1/../../../../pic32c/lib/thumb/v7e-m+fp/hard\libm-fast-emfloat.a(log.o)
 .comment       0x000000d4       0x2c c:/program files/microchip/xc32/v4.30/bin/bin/../../lib/gcc/pic32c/8.3.1/../../../../pic32c/lib/thumb/v7e-m+fp/hard\libm-fast-emfloat.a(exp.o)
 .comment       0x000000d4       0x2c c:/program files/microchip/xc32/v4.30/bin/bin/../../lib/gcc/pic32c/8.3.1/../../../../pic32c/lib/thumb/v7e-m+fp/hard\libm-fast-emfloat.a(__SEGGER_RTL_float64_Log.o)
 .comment       0x000000d4       0x2c c:/program files/microchip/xc32/v4.30/bin/bin/../../lib/gcc/pic32c/8.3.1/../../../../pic32c/lib/thumb/v7e-m+fp/hard\libm-fast-emfloat.a(__SEGGER_RTL_float64_PolyEvalP.o)
 .comment       0x000000d4       0x2c c:/program files/microchip/xc32/v4.30/bin/bin/../../lib/gcc/pic32c/8.3.1/../../../../pic32c/lib/thumb/v7e-m+fp/hard\libm-fast-emfloat.a(__SEGGER_RTL_float64_PolyEvalQ.o)
 .comment       0x000000d4       0x2c c:/program files/microchip/xc32/v4.30/bin/bin/../../lib/gcc/pic32c/8.3.1/../../../../pic32c/lib/thumb/v7e-m+fp/hard\libm-fast-emfloat.a(ldexp.o)
 .comment       0x000000d4       0x2c c:/program files/microchip/xc32/v4.30/bin/bin/../../lib/gcc/pic32c/8.3.1/../../../../pic32c/lib/thumb/v7e-m+fp/hard\libm-fast-emfloat.a(frexp.o)
 .comment       0x000000d4       0x2c c:/program files/microchip/xc32/v4.30/bin/bin/../../lib/gcc/pic32c/8.3.1/../../../../pic32c/lib/thumb/v7e-m+fp/hard\libc-musl.a(__libc_start_main.o)
 .comment       0x000000d4       0x2c c:/program files/microchip/xc32/v4.30/bin/bin/../../lib/gcc/pic32c/8.3.1/../../../../pic32c/lib/thumb/v7e-m+fp/hard\libc-musl.a(__errno_location.o)
 .comment       0x000000d4       0x2c c:/program files/microchip/xc32/v4.30/bin/bin/../../lib/gcc/pic32c/8.3.1/../../../../pic32c/lib/thumb/v7e-m+fp/hard\libc-musl.a(libc.o)
 .comment       0x000000d4       0x2c c:/program files/microchip/xc32/v4.30/bin/bin/../../lib/gcc/pic32c/8.3.1/../../../../pic32c/lib/thumb/v7e-m+fp/hard\libc-musl.a(malloc.o)
 .comment       0x000000d4       0x2c c:/program files/microchip/xc32/v4.30/bin/bin/../../lib/gcc/pic32c/8.3.1/../../../../pic32c/lib/thumb/v7e-m+fp/hard\libc-musl.a(rand.o)
 .comment       0x000000d4       0x2c c:/program files/microchip/xc32/v4.30/bin/bin/../../lib/gcc/pic32c/8.3.1/../../../../pic32c/lib/thumb/v7e-m+fp/hard\libc-musl.a(vsnprintf.o)
 .comment       0x000000d4       0x2c c:/program files/microchip/xc32/v4.30/bin/bin/../../lib/gcc/pic32c/8.3.1/../../../../pic32c/lib/thumb/v7e-m+fp/hard\libc-musl.a(sprintf.o)
 .comment       0x000000d4       0x2c c:/program files/microchip/xc32/v4.30/bin/bin/../../lib/gcc/pic32c/8.3.1/../../../../pic32c/lib/thumb/v7e-m+fp/hard\libc-musl.a(vsprintf.o)
 .comment       0x000000d4       0x2c c:/program files/microchip/xc32/v4.30/bin/bin/../../lib/gcc/pic32c/8.3.1/../../../../pic32c/lib/thumb/v7e-m+fp/hard\libc-musl.a(strtol.o)
 .comment       0x000000d4       0x2c c:/program files/microchip/xc32/v4.30/bin/bin/../../lib/gcc/pic32c/8.3.1/../../../../pic32c/lib/thumb/v7e-m+fp/hard\libc-musl.a(memcmp.o)
 .comment       0x000000d4       0x2c c:/program files/microchip/xc32/v4.30/bin/bin/../../lib/gcc/pic32c/8.3.1/../../../../pic32c/lib/thumb/v7e-m+fp/hard\libc-musl.a(memcpy.o)
 .comment       0x000000d4       0x2c c:/program files/microchip/xc32/v4.30/bin/bin/../../lib/gcc/pic32c/8.3.1/../../../../pic32c/lib/thumb/v7e-m+fp/hard\libc-musl.a(memset.o)
 .comment       0x000000d4       0x2c c:/program files/microchip/xc32/v4.30/bin/bin/../../lib/gcc/pic32c/8.3.1/../../../../pic32c/lib/thumb/v7e-m+fp/hard\libc-musl.a(strlen.o)
 .comment       0x000000d4       0x2c c:/program files/microchip/xc32/v4.30/bin/bin/../../lib/gcc/pic32c/8.3.1/../../../../pic32c/lib/thumb/v7e-m+fp/hard\libc-musl.a(strchr.o)
 .comment       0x000000d4       0x2c c:/program files/microchip/xc32/v4.30/bin/bin/../../lib/gcc/pic32c/8.3.1/../../../../pic32c/lib/thumb/v7e-m+fp/hard\libc-musl.a(strchrnul.o)
 .comment       0x000000d4       0x2c c:/program files/microchip/xc32/v4.30/bin/bin/../../lib/gcc/pic32c/8.3.1/../../../../pic32c/lib/thumb/v7e-m+fp/hard\libc-musl.a(strcmp.o)
 .comment       0x000000d4       0x2c c:/program files/microchip/xc32/v4.30/bin/bin/../../lib/gcc/pic32c/8.3.1/../../../../pic32c/lib/thumb/v7e-m+fp/hard\libc-musl.a(strcpy.o)
 .comment       0x000000d4       0x2c c:/program files/microchip/xc32/v4.30/bin/bin/../../lib/gcc/pic32c/8.3.1/../../../../pic32c/lib/thumb/v7e-m+fp/hard\libc-musl.a(strncmp.o)
 .comment       0x000000d4       0x2c c:/program files/microchip/xc32/v4.30/bin/bin/../../lib/gcc/pic32c/8.3.1/../../../../pic32c/lib/thumb/v7e-m+fp/hard\libc-musl.a(strncpy.o)
 .comment       0x000000d4       0x2c c:/program files/microchip/xc32/v4.30/bin/bin/../../lib/gcc/pic32c/8.3.1/../../../../pic32c/lib/thumb/v7e-m+fp/hard\libc-musl.a(strtok.o)
 .comment       0x000000d4       0x2c c:/program files/microchip/xc32/v4.30/bin/bin/../../lib/gcc/pic32c/8.3.1/../../../../pic32c/lib/thumb/v7e-m+fp/hard\libc-musl.a(__environ.o)
 .comment       0x000000d4       0x2c c:/program files/microchip/xc32/v4.30/bin/bin/../../lib/gcc/pic32c/8.3.1/../../../../pic32c/lib/thumb/v7e-m+fp/hard\libc-musl.a(intscan.o)
 .comment       0x000000d4       0x2c c:/program files/microchip/xc32/v4.30/bin/bin/../../lib/gcc/pic32c/8.3.1/../../../../pic32c/lib/thumb/v7e-m+fp/hard\libc-musl.a(shgetc.o)
 .comment       0x000000d4       0x2c c:/program files/microchip/xc32/v4.30/bin/bin/../../lib/gcc/pic32c/8.3.1/../../../../pic32c/lib/thumb/v7e-m+fp/hard\libc-musl.a(__uflow.o)
 .comment       0x000000d4       0x2c c:/program files/microchip/xc32/v4.30/bin/bin/../../lib/gcc/pic32c/8.3.1/../../../../pic32c/lib/thumb/v7e-m+fp/hard\libc-musl.a(vfprintf.o)
 .comment       0x000000d4       0x2c c:/program files/microchip/xc32/v4.30/bin/bin/../../lib/gcc/pic32c/8.3.1/../../../../pic32c/lib/thumb/v7e-m+fp/hard\libc-musl.a(stpcpy.o)
 .comment       0x000000d4       0x2c c:/program files/microchip/xc32/v4.30/bin/bin/../../lib/gcc/pic32c/8.3.1/../../../../pic32c/lib/thumb/v7e-m+fp/hard\libc-musl.a(stpncpy.o)
 .comment       0x000000d4       0x2c c:/program files/microchip/xc32/v4.30/bin/bin/../../lib/gcc/pic32c/8.3.1/../../../../pic32c/lib/thumb/v7e-m+fp/hard\libc-musl.a(strcspn.o)
 .comment       0x000000d4       0x2c c:/program files/microchip/xc32/v4.30/bin/bin/../../lib/gcc/pic32c/8.3.1/../../../../pic32c/lib/thumb/v7e-m+fp/hard\libc-musl.a(strspn.o)
 .comment       0x000000d4       0x2c c:/program files/microchip/xc32/v4.30/bin/bin/../../lib/gcc/pic32c/8.3.1/../../../../pic32c/lib/thumb/v7e-m+fp/hard\libc-musl.a(__toread.o)
 .comment       0x000000d4       0x2c c:/program files/microchip/xc32/v4.30/bin/bin/../../lib/gcc/pic32c/8.3.1/../../../../pic32c/lib/thumb/v7e-m+fp/hard\libc-musl.a(__pop_float.o)
 .comment       0x000000d4       0x2c c:/program files/microchip/xc32/v4.30/bin/bin/../../lib/gcc/pic32c/8.3.1/../../../../pic32c/lib/thumb/v7e-m+fp/hard\libc-musl.a(__pop_int.o)
 .comment       0x000000d4       0x2c c:/program files/microchip/xc32/v4.30/bin/bin/../../lib/gcc/pic32c/8.3.1/../../../../pic32c/lib/thumb/v7e-m+fp/hard\libc-musl.a(__pop_ptr.o)
 .comment       0x000000d4       0x2c c:/program files/microchip/xc32/v4.30/bin/bin/../../lib/gcc/pic32c/8.3.1/../../../../pic32c/lib/thumb/v7e-m+fp/hard\libc-musl.a(__printf_core.o)
 .comment       0x000000d4       0x2c c:/program files/microchip/xc32/v4.30/bin/bin/../../lib/gcc/pic32c/8.3.1/../../../../pic32c/lib/thumb/v7e-m+fp/hard\libc-musl.a(atoi.o)
 .comment       0x000000d4       0x2c c:/program files/microchip/xc32/v4.30/bin/bin/../../lib/gcc/pic32c/8.3.1/../../../../pic32c/lib/thumb/v7e-m+fp/hard\libc-musl.a(tolower.o)
 .comment       0x000000d4       0x2c c:/program files/microchip/xc32/v4.30/bin/bin/../../lib/gcc/pic32c/8.3.1/../../../../pic32c/lib/thumb/v7e-m+fp/hard\libc-musl.a(__fmt_a.o)
 .comment       0x000000d4       0x2c c:/program files/microchip/xc32/v4.30/bin/bin/../../lib/gcc/pic32c/8.3.1/../../../../pic32c/lib/thumb/v7e-m+fp/hard\libc-musl.a(__fmt_d.o)
 .comment       0x000000d4       0x2c c:/program files/microchip/xc32/v4.30/bin/bin/../../lib/gcc/pic32c/8.3.1/../../../../pic32c/lib/thumb/v7e-m+fp/hard\libc-musl.a(__fmt_fp.o)
 .comment       0x000000d4       0x2c c:/program files/microchip/xc32/v4.30/bin/bin/../../lib/gcc/pic32c/8.3.1/../../../../pic32c/lib/thumb/v7e-m+fp/hard\libc-musl.a(__fmt_o.o)
 .comment       0x000000d4       0x2c c:/program files/microchip/xc32/v4.30/bin/bin/../../lib/gcc/pic32c/8.3.1/../../../../pic32c/lib/thumb/v7e-m+fp/hard\libc-musl.a(__fmt_s.o)
 .comment       0x000000d4       0x2c c:/program files/microchip/xc32/v4.30/bin/bin/../../lib/gcc/pic32c/8.3.1/../../../../pic32c/lib/thumb/v7e-m+fp/hard\libc-musl.a(__fmt_u.o)
 .comment       0x000000d4       0x2c c:/program files/microchip/xc32/v4.30/bin/bin/../../lib/gcc/pic32c/8.3.1/../../../../pic32c/lib/thumb/v7e-m+fp/hard\libc-musl.a(__fmt_x.o)
 .comment       0x000000d4       0x2c c:/program files/microchip/xc32/v4.30/bin/bin/../../lib/gcc/pic32c/8.3.1/../../../../pic32c/lib/thumb/v7e-m+fp/hard\libc-musl.a(toupper.o)
 .comment       0x000000d4       0x2c c:/program files/microchip/xc32/v4.30/bin/bin/../../lib/gcc/pic32c/8.3.1/../../../../pic32c/lib/thumb/v7e-m+fp/hard\libc-musl.a(__cvt_u.o)
 .comment       0x000000d4       0x2c c:/program files/microchip/xc32/v4.30/bin/bin/../../lib/gcc/pic32c/8.3.1/../../../../pic32c/lib/thumb/v7e-m+fp/hard\libm-fast-emfloat.a(fma.o)
 .comment       0x000000d4       0x2c c:/program files/microchip/xc32/v4.30/bin/bin/../../lib/gcc/pic32c/8.3.1/../../../../pic32c/lib/thumb/v7e-m+fp/hard\libm-fast-emfloat.a(floor.o)
 .comment       0x000000d4       0x2c c:/program files/microchip/xc32/v4.30/bin/bin/../../lib/gcc/pic32c/8.3.1/thumb/v7e-m+fp/hard\libgcc.a(_udivmoddi4.o)
 .comment       0x000000d4       0x2c c:/program files/microchip/xc32/v4.30/bin/bin/../../lib/gcc/pic32c/8.3.1/../../../../pic32c/lib/thumb/v7e-m+fp/hard\libpic32c.a(pic32_data_init_clear.o)
 .comment       0x000000d4       0x2c c:/program files/microchip/xc32/v4.30/bin/bin/../../lib/gcc/pic32c/8.3.1/../../../../pic32c/lib/thumb/v7e-m+fp/hard\libpic32c.a(pic32_data_init_copy.o)

.debug_info     0x00000000    0x6942c
 .debug_info    0x00000000     0x3813 build/default/production/_ext/297566330/app_p2p_phy.o
 .debug_info    0x00003813     0x6c7c build/default/production/_ext/767817240/app_phy_cmd_processor.o
 .debug_info    0x0000a48f      0xb49 build/default/production/_ext/1529399856/osal_freertos.o
 .debug_info    0x0000afd8      0x909 build/default/production/_ext/1529399856/osal_freertos_extend.o
 .debug_info    0x0000b8e1     0x140e build/default/production/_ext/60165520/plib_clk.o
 .debug_info    0x0000ccef      0x308 build/default/production/_ext/1986646378/plib_evsys.o
 .debug_info    0x0000cff7     0x116a build/default/production/_ext/1865254177/plib_gpio.o
 .debug_info    0x0000e161      0xeab build/default/production/_ext/1865468468/plib_nvic.o
 .debug_info    0x0000f00c     0x14cc build/default/production/_ext/60176403/plib_nvm.o
 .debug_info    0x000104d8     0x238e build/default/production/_ext/504274921/plib_sercom0_usart.o
 .debug_info    0x00012866      0xc88 build/default/production/_ext/829342655/plib_tc0.o
 .debug_info    0x000134ee     0x2ac5 build/default/production/_ext/1376093119/sys_command.o
 .debug_info    0x00015fb3     0x141c build/default/production/_ext/1832805299/sys_console.o
 .debug_info    0x000173cf     0x14d1 build/default/production/_ext/1832805299/sys_console_uart.o
 .debug_info    0x000188a0      0xb2a build/default/production/_ext/1881668453/sys_int.o
 .debug_info    0x000193ca      0x596 build/default/production/_ext/1000052432/sys_reset.o
 .debug_info    0x00019960     0x2be7 build/default/production/_ext/101884895/sys_time.o
 .debug_info    0x0001c547      0x3ca build/default/production/_ext/1171490990/exceptions.o
 .debug_info    0x0001c911      0x883 build/default/production/_ext/1171490990/startup_xc32.o
 .debug_info    0x0001d194     0x1d95 build/default/production/_ext/1171490990/initialization.o
 .debug_info    0x0001ef29      0xa2b build/default/production/_ext/1171490990/interrupts.o
 .debug_info    0x0001f954      0x5c0 build/default/production/_ext/1171490990/tasks.o
 .debug_info    0x0001ff14      0x540 build/default/production/_ext/1171490990/freertos_hooks.o
 .debug_info    0x00020454      0x7c8 build/default/production/_ext/246609638/port.o
 .debug_info    0x00020c1c      0xab7 build/default/production/_ext/1665200909/heap_4.o
 .debug_info    0x000216d3     0x2953 build/default/production/_ext/404212886/queue.o
 .debug_info    0x00024026      0x624 build/default/production/_ext/404212886/list.o
 .debug_info    0x0002464a     0x3603 build/default/production/_ext/404212886/FreeRTOS_tasks.o
 .debug_info    0x00027c4d      0x321 build/default/production/_ext/1360937237/main.o
 .debug_info    0x00027f6e      0x59b build/default/production/_ext/1360937237/app_idle_task.o
 .debug_info    0x00028509      0xb30 build/default/production/_ext/1360937237/app.o
 .debug_info    0x00029039      0x51e build/default/production/_ext/957911548/phy_rx_frame_cb.o
 .debug_info    0x00029557      0x6dc build/default/production/_ext/1374435801/bmm.o
 .debug_info    0x00029c33      0xeb3 build/default/production/_ext/745501718/pal.o
 .debug_info    0x0002aae6      0x51d build/default/production/_ext/957911548/phy_task.o
 .debug_info    0x0002b003      0x333 build/default/production/_ext/957911548/phy_ed_end_cb.o
 .debug_info    0x0002b336      0x830 build/default/production/_ext/874725666/qmm.o
 .debug_info    0x0002bb66      0x486 build/default/production/_ext/1865643529/plib_trng.o
 .debug_info    0x0002bfec     0x1ccb ..\src\config\default\driver\pds\pds.a(wlPdsDataServer.o)
 .debug_info    0x0002dcb7      0x803 ..\src\config\default\driver\pds\pds.a(wlPdsInit.o)
 .debug_info    0x0002e4ba      0xbf6 ..\src\config\default\driver\pds\pds.a(D_Nv.o)
 .debug_info    0x0002f0b0     0x2b2f ..\src\config\default\driver\pds\pds.a(S_Nv-Chimera.o)
 .debug_info    0x00031bdf     0x122e ..\src\config\default\driver\device_support\pic32cx_bz2_device_support.a(info_block.o)
 .debug_info    0x00032e0d     0x5eeb ..\src\config\default\driver\device_support\pic32cx_bz2_device_support.a(rf_system.o)
 .debug_info    0x00038cf8      0xf4c ..\src\config\default\driver\device_support\pic32cx_bz2_device_support.a(info_block_plat.o)
 .debug_info    0x00039c44      0x614 ..\src\config\default\driver\device_support\pic32cx_bz2_device_support.a(pmu_dvr.o)
 .debug_info    0x0003a258     0x45a7 ..\src\config\default\driver\device_support\pic32cx_bz2_device_support.a(rf.o)
 .debug_info    0x0003e7ff     0x1d20 ..\src\config\default\driver\lib\lib-ieee802154_phy_pic32cxbz-v1.1.0.a(phy.o)
 .debug_info    0x0004051f     0x1934 ..\src\config\default\driver\lib\lib-ieee802154_phy_pic32cxbz-v1.1.0.a(phy_ed.o)
 .debug_info    0x00041e53     0x2551 ..\src\config\default\driver\lib\lib-ieee802154_phy_pic32cxbz-v1.1.0.a(phy_helper.o)
 .debug_info    0x000443a4     0x2ef9 ..\src\config\default\driver\lib\lib-ieee802154_phy_pic32cxbz-v1.1.0.a(phy_init.o)
 .debug_info    0x0004729d     0x1abb ..\src\config\default\driver\lib\lib-ieee802154_phy_pic32cxbz-v1.1.0.a(phy_irq_handler.o)
 .debug_info    0x00048d58     0x2e9a ..\src\config\default\driver\lib\lib-ieee802154_phy_pic32cxbz-v1.1.0.a(phy_pib.o)
 .debug_info    0x0004bbf2     0x67be ..\src\config\default\driver\lib\lib-ieee802154_phy_pic32cxbz-v1.1.0.a(phy_pwr_mgmt.o)
 .debug_info    0x000523b0     0x23e1 ..\src\config\default\driver\lib\lib-ieee802154_phy_pic32cxbz-v1.1.0.a(phy_rx.o)
 .debug_info    0x00054791      0xed1 ..\src\config\default\driver\lib\lib-ieee802154_phy_pic32cxbz-v1.1.0.a(phy_rx_enable.o)
 .debug_info    0x00055662     0x2824 ..\src\config\default\driver\lib\lib-ieee802154_phy_pic32cxbz-v1.1.0.a(phy_tx.o)
 .debug_info    0x00057e86     0x2562 ..\src\config\default\driver\lib\lib-ieee802154_phy_pic32cxbz-v1.1.0.a(tfa.o)
 .debug_info    0x0005a3e8      0x2bd c:/program files/microchip/xc32/v4.30/bin/bin/../../lib/gcc/pic32c/8.3.1/../../../../pic32c/lib/thumb/v7e-m+fp/hard\libpic32c.a(data_init.o)
 .debug_info    0x0005a6a5      0x621 c:/program files/microchip/xc32/v4.30/bin/bin/../../lib/gcc/pic32c/8.3.1/../../../../pic32c/lib/thumb/v7e-m+fp/hard\libc-musl.a(__libc_start_main.o)
 .debug_info    0x0005acc6      0x271 c:/program files/microchip/xc32/v4.30/bin/bin/../../lib/gcc/pic32c/8.3.1/../../../../pic32c/lib/thumb/v7e-m+fp/hard\libc-musl.a(__errno_location.o)
 .debug_info    0x0005af37      0x533 c:/program files/microchip/xc32/v4.30/bin/bin/../../lib/gcc/pic32c/8.3.1/../../../../pic32c/lib/thumb/v7e-m+fp/hard\libc-musl.a(libc.o)
 .debug_info    0x0005b46a     0x13a3 c:/program files/microchip/xc32/v4.30/bin/bin/../../lib/gcc/pic32c/8.3.1/../../../../pic32c/lib/thumb/v7e-m+fp/hard\libc-musl.a(malloc.o)
 .debug_info    0x0005c80d      0x32a c:/program files/microchip/xc32/v4.30/bin/bin/../../lib/gcc/pic32c/8.3.1/../../../../pic32c/lib/thumb/v7e-m+fp/hard\libc-musl.a(rand.o)
 .debug_info    0x0005cb37      0x6ff c:/program files/microchip/xc32/v4.30/bin/bin/../../lib/gcc/pic32c/8.3.1/../../../../pic32c/lib/thumb/v7e-m+fp/hard\libc-musl.a(vsnprintf.o)
 .debug_info    0x0005d236      0x31b c:/program files/microchip/xc32/v4.30/bin/bin/../../lib/gcc/pic32c/8.3.1/../../../../pic32c/lib/thumb/v7e-m+fp/hard\libc-musl.a(sprintf.o)
 .debug_info    0x0005d551      0x315 c:/program files/microchip/xc32/v4.30/bin/bin/../../lib/gcc/pic32c/8.3.1/../../../../pic32c/lib/thumb/v7e-m+fp/hard\libc-musl.a(vsprintf.o)
 .debug_info    0x0005d866      0x9f1 c:/program files/microchip/xc32/v4.30/bin/bin/../../lib/gcc/pic32c/8.3.1/../../../../pic32c/lib/thumb/v7e-m+fp/hard\libc-musl.a(strtol.o)
 .debug_info    0x0005e257      0x2e0 c:/program files/microchip/xc32/v4.30/bin/bin/../../lib/gcc/pic32c/8.3.1/../../../../pic32c/lib/thumb/v7e-m+fp/hard\libc-musl.a(memcmp.o)
 .debug_info    0x0005e537      0x2ef c:/program files/microchip/xc32/v4.30/bin/bin/../../lib/gcc/pic32c/8.3.1/../../../../pic32c/lib/thumb/v7e-m+fp/hard\libc-musl.a(memcpy.o)
 .debug_info    0x0005e826      0x2b3 c:/program files/microchip/xc32/v4.30/bin/bin/../../lib/gcc/pic32c/8.3.1/../../../../pic32c/lib/thumb/v7e-m+fp/hard\libc-musl.a(memset.o)
 .debug_info    0x0005ead9      0x2a4 c:/program files/microchip/xc32/v4.30/bin/bin/../../lib/gcc/pic32c/8.3.1/../../../../pic32c/lib/thumb/v7e-m+fp/hard\libc-musl.a(strlen.o)
 .debug_info    0x0005ed7d      0x2c6 c:/program files/microchip/xc32/v4.30/bin/bin/../../lib/gcc/pic32c/8.3.1/../../../../pic32c/lib/thumb/v7e-m+fp/hard\libc-musl.a(strchr.o)
 .debug_info    0x0005f043      0x38e c:/program files/microchip/xc32/v4.30/bin/bin/../../lib/gcc/pic32c/8.3.1/../../../../pic32c/lib/thumb/v7e-m+fp/hard\libc-musl.a(strchrnul.o)
 .debug_info    0x0005f3d1      0x289 c:/program files/microchip/xc32/v4.30/bin/bin/../../lib/gcc/pic32c/8.3.1/../../../../pic32c/lib/thumb/v7e-m+fp/hard\libc-musl.a(strcmp.o)
 .debug_info    0x0005f65a      0x2b2 c:/program files/microchip/xc32/v4.30/bin/bin/../../lib/gcc/pic32c/8.3.1/../../../../pic32c/lib/thumb/v7e-m+fp/hard\libc-musl.a(strcpy.o)
 .debug_info    0x0005f90c      0x2ee c:/program files/microchip/xc32/v4.30/bin/bin/../../lib/gcc/pic32c/8.3.1/../../../../pic32c/lib/thumb/v7e-m+fp/hard\libc-musl.a(strncmp.o)
 .debug_info    0x0005fbfa      0x2d7 c:/program files/microchip/xc32/v4.30/bin/bin/../../lib/gcc/pic32c/8.3.1/../../../../pic32c/lib/thumb/v7e-m+fp/hard\libc-musl.a(strncpy.o)
 .debug_info    0x0005fed1      0x2f4 c:/program files/microchip/xc32/v4.30/bin/bin/../../lib/gcc/pic32c/8.3.1/../../../../pic32c/lib/thumb/v7e-m+fp/hard\libc-musl.a(strtok.o)
 .debug_info    0x000601c5      0x2ad c:/program files/microchip/xc32/v4.30/bin/bin/../../lib/gcc/pic32c/8.3.1/../../../../pic32c/lib/thumb/v7e-m+fp/hard\libc-musl.a(__environ.o)
 .debug_info    0x00060472      0x84b c:/program files/microchip/xc32/v4.30/bin/bin/../../lib/gcc/pic32c/8.3.1/../../../../pic32c/lib/thumb/v7e-m+fp/hard\libc-musl.a(intscan.o)
 .debug_info    0x00060cbd      0x642 c:/program files/microchip/xc32/v4.30/bin/bin/../../lib/gcc/pic32c/8.3.1/../../../../pic32c/lib/thumb/v7e-m+fp/hard\libc-musl.a(shgetc.o)
 .debug_info    0x000612ff      0x613 c:/program files/microchip/xc32/v4.30/bin/bin/../../lib/gcc/pic32c/8.3.1/../../../../pic32c/lib/thumb/v7e-m+fp/hard\libc-musl.a(__uflow.o)
 .debug_info    0x00061912      0x6c0 c:/program files/microchip/xc32/v4.30/bin/bin/../../lib/gcc/pic32c/8.3.1/../../../../pic32c/lib/thumb/v7e-m+fp/hard\libc-musl.a(vfprintf.o)
 .debug_info    0x00061fd2      0x2b6 c:/program files/microchip/xc32/v4.30/bin/bin/../../lib/gcc/pic32c/8.3.1/../../../../pic32c/lib/thumb/v7e-m+fp/hard\libc-musl.a(stpcpy.o)
 .debug_info    0x00062288      0x2f2 c:/program files/microchip/xc32/v4.30/bin/bin/../../lib/gcc/pic32c/8.3.1/../../../../pic32c/lib/thumb/v7e-m+fp/hard\libc-musl.a(stpncpy.o)
 .debug_info    0x0006257a      0x319 c:/program files/microchip/xc32/v4.30/bin/bin/../../lib/gcc/pic32c/8.3.1/../../../../pic32c/lib/thumb/v7e-m+fp/hard\libc-musl.a(strcspn.o)
 .debug_info    0x00062893      0x2fe c:/program files/microchip/xc32/v4.30/bin/bin/../../lib/gcc/pic32c/8.3.1/../../../../pic32c/lib/thumb/v7e-m+fp/hard\libc-musl.a(strspn.o)
 .debug_info    0x00062b91      0x62d c:/program files/microchip/xc32/v4.30/bin/bin/../../lib/gcc/pic32c/8.3.1/../../../../pic32c/lib/thumb/v7e-m+fp/hard\libc-musl.a(__toread.o)
 .debug_info    0x000631be      0x3db c:/program files/microchip/xc32/v4.30/bin/bin/../../lib/gcc/pic32c/8.3.1/../../../../pic32c/lib/thumb/v7e-m+fp/hard\libc-musl.a(__pop_float.o)
 .debug_info    0x00063599      0x3ff c:/program files/microchip/xc32/v4.30/bin/bin/../../lib/gcc/pic32c/8.3.1/../../../../pic32c/lib/thumb/v7e-m+fp/hard\libc-musl.a(__pop_int.o)
 .debug_info    0x00063998      0x405 c:/program files/microchip/xc32/v4.30/bin/bin/../../lib/gcc/pic32c/8.3.1/../../../../pic32c/lib/thumb/v7e-m+fp/hard\libc-musl.a(__pop_ptr.o)
 .debug_info    0x00063d9d      0xd6c c:/program files/microchip/xc32/v4.30/bin/bin/../../lib/gcc/pic32c/8.3.1/../../../../pic32c/lib/thumb/v7e-m+fp/hard\libc-musl.a(__printf_core.o)
 .debug_info    0x00064b09      0x2f9 c:/program files/microchip/xc32/v4.30/bin/bin/../../lib/gcc/pic32c/8.3.1/../../../../pic32c/lib/thumb/v7e-m+fp/hard\libc-musl.a(atoi.o)
 .debug_info    0x00064e02      0x351 c:/program files/microchip/xc32/v4.30/bin/bin/../../lib/gcc/pic32c/8.3.1/../../../../pic32c/lib/thumb/v7e-m+fp/hard\libc-musl.a(tolower.o)
 .debug_info    0x00065153      0x905 c:/program files/microchip/xc32/v4.30/bin/bin/../../lib/gcc/pic32c/8.3.1/../../../../pic32c/lib/thumb/v7e-m+fp/hard\libc-musl.a(__fmt_a.o)
 .debug_info    0x00065a58      0x5c0 c:/program files/microchip/xc32/v4.30/bin/bin/../../lib/gcc/pic32c/8.3.1/../../../../pic32c/lib/thumb/v7e-m+fp/hard\libc-musl.a(__fmt_d.o)
 .debug_info    0x00066018      0x949 c:/program files/microchip/xc32/v4.30/bin/bin/../../lib/gcc/pic32c/8.3.1/../../../../pic32c/lib/thumb/v7e-m+fp/hard\libc-musl.a(__fmt_fp.o)
 .debug_info    0x00066961      0x591 c:/program files/microchip/xc32/v4.30/bin/bin/../../lib/gcc/pic32c/8.3.1/../../../../pic32c/lib/thumb/v7e-m+fp/hard\libc-musl.a(__fmt_o.o)
 .debug_info    0x00066ef2      0x535 c:/program files/microchip/xc32/v4.30/bin/bin/../../lib/gcc/pic32c/8.3.1/../../../../pic32c/lib/thumb/v7e-m+fp/hard\libc-musl.a(__fmt_s.o)
 .debug_info    0x00067427      0x591 c:/program files/microchip/xc32/v4.30/bin/bin/../../lib/gcc/pic32c/8.3.1/../../../../pic32c/lib/thumb/v7e-m+fp/hard\libc-musl.a(__fmt_u.o)
 .debug_info    0x000679b8      0x5c1 c:/program files/microchip/xc32/v4.30/bin/bin/../../lib/gcc/pic32c/8.3.1/../../../../pic32c/lib/thumb/v7e-m+fp/hard\libc-musl.a(__fmt_x.o)
 .debug_info    0x00067f79      0x351 c:/program files/microchip/xc32/v4.30/bin/bin/../../lib/gcc/pic32c/8.3.1/../../../../pic32c/lib/thumb/v7e-m+fp/hard\libc-musl.a(toupper.o)
 .debug_info    0x000682ca      0x441 c:/program files/microchip/xc32/v4.30/bin/bin/../../lib/gcc/pic32c/8.3.1/../../../../pic32c/lib/thumb/v7e-m+fp/hard\libc-musl.a(__cvt_u.o)
 .debug_info    0x0006870b       0x26 c:/program files/microchip/xc32/v4.30/bin/bin/../../lib/gcc/pic32c/8.3.1/thumb/v7e-m+fp/hard\libgcc.a(_aeabi_uldivmod.o)
 .debug_info    0x00068731      0x7aa c:/program files/microchip/xc32/v4.30/bin/bin/../../lib/gcc/pic32c/8.3.1/thumb/v7e-m+fp/hard\libgcc.a(_udivmoddi4.o)
 .debug_info    0x00068edb       0x26 c:/program files/microchip/xc32/v4.30/bin/bin/../../lib/gcc/pic32c/8.3.1/thumb/v7e-m+fp/hard\libgcc.a(_dvmd_tls.o)
 .debug_info    0x00068f01      0x296 c:/program files/microchip/xc32/v4.30/bin/bin/../../lib/gcc/pic32c/8.3.1/../../../../pic32c/lib/thumb/v7e-m+fp/hard\libpic32c.a(pic32_data_init_clear.o)
 .debug_info    0x00069197      0x295 c:/program files/microchip/xc32/v4.30/bin/bin/../../lib/gcc/pic32c/8.3.1/../../../../pic32c/lib/thumb/v7e-m+fp/hard\libpic32c.a(pic32_data_init_copy.o)

.debug_abbrev   0x00000000     0xc7b1
 .debug_abbrev  0x00000000      0x557 build/default/production/_ext/297566330/app_p2p_phy.o
 .debug_abbrev  0x00000557      0x55c build/default/production/_ext/767817240/app_phy_cmd_processor.o
 .debug_abbrev  0x00000ab3      0x266 build/default/production/_ext/1529399856/osal_freertos.o
 .debug_abbrev  0x00000d19      0x189 build/default/production/_ext/1529399856/osal_freertos_extend.o
 .debug_abbrev  0x00000ea2      0x107 build/default/production/_ext/60165520/plib_clk.o
 .debug_abbrev  0x00000fa9       0x3b build/default/production/_ext/1986646378/plib_evsys.o
 .debug_abbrev  0x00000fe4      0x13b build/default/production/_ext/1865254177/plib_gpio.o
 .debug_abbrev  0x0000111f      0x21d build/default/production/_ext/1865468468/plib_nvic.o
 .debug_abbrev  0x0000133c      0x3ef build/default/production/_ext/60176403/plib_nvm.o
 .debug_abbrev  0x0000172b      0x4bc build/default/production/_ext/504274921/plib_sercom0_usart.o
 .debug_abbrev  0x00001be7      0x200 build/default/production/_ext/829342655/plib_tc0.o
 .debug_abbrev  0x00001de7      0x545 build/default/production/_ext/1376093119/sys_command.o
 .debug_abbrev  0x0000232c      0x3b2 build/default/production/_ext/1832805299/sys_console.o
 .debug_abbrev  0x000026de      0x3b4 build/default/production/_ext/1832805299/sys_console_uart.o
 .debug_abbrev  0x00002a92      0x233 build/default/production/_ext/1881668453/sys_int.o
 .debug_abbrev  0x00002cc5       0xef build/default/production/_ext/1000052432/sys_reset.o
 .debug_abbrev  0x00002db4      0x583 build/default/production/_ext/101884895/sys_time.o
 .debug_abbrev  0x00003337       0x3e build/default/production/_ext/1171490990/exceptions.o
 .debug_abbrev  0x00003375      0x1db build/default/production/_ext/1171490990/startup_xc32.o
 .debug_abbrev  0x00003550      0x2d9 build/default/production/_ext/1171490990/initialization.o
 .debug_abbrev  0x00003829       0xb5 build/default/production/_ext/1171490990/interrupts.o
 .debug_abbrev  0x000038de      0x14c build/default/production/_ext/1171490990/tasks.o
 .debug_abbrev  0x00003a2a      0x15c build/default/production/_ext/1171490990/freertos_hooks.o
 .debug_abbrev  0x00003b86      0x25e build/default/production/_ext/246609638/port.o
 .debug_abbrev  0x00003de4      0x28c build/default/production/_ext/1665200909/heap_4.o
 .debug_abbrev  0x00004070      0x3e6 build/default/production/_ext/404212886/queue.o
 .debug_abbrev  0x00004456      0x15e build/default/production/_ext/404212886/list.o
 .debug_abbrev  0x000045b4      0x55e build/default/production/_ext/404212886/FreeRTOS_tasks.o
 .debug_abbrev  0x00004b12       0x77 build/default/production/_ext/1360937237/main.o
 .debug_abbrev  0x00004b89      0x121 build/default/production/_ext/1360937237/app_idle_task.o
 .debug_abbrev  0x00004caa      0x1b6 build/default/production/_ext/1360937237/app.o
 .debug_abbrev  0x00004e60      0x10a build/default/production/_ext/957911548/phy_rx_frame_cb.o
 .debug_abbrev  0x00004f6a      0x1ce build/default/production/_ext/1374435801/bmm.o
 .debug_abbrev  0x00005138      0x389 build/default/production/_ext/745501718/pal.o
 .debug_abbrev  0x000054c1      0x15a build/default/production/_ext/957911548/phy_task.o
 .debug_abbrev  0x0000561b       0x5b build/default/production/_ext/957911548/phy_ed_end_cb.o
 .debug_abbrev  0x00005676      0x2b6 build/default/production/_ext/874725666/qmm.o
 .debug_abbrev  0x0000592c       0xb5 build/default/production/_ext/1865643529/plib_trng.o
 .debug_abbrev  0x000059e1      0x504 ..\src\config\default\driver\pds\pds.a(wlPdsDataServer.o)
 .debug_abbrev  0x00005ee5      0x1dd ..\src\config\default\driver\pds\pds.a(wlPdsInit.o)
 .debug_abbrev  0x000060c2      0x2b6 ..\src\config\default\driver\pds\pds.a(D_Nv.o)
 .debug_abbrev  0x00006378      0x4c4 ..\src\config\default\driver\pds\pds.a(S_Nv-Chimera.o)
 .debug_abbrev  0x0000683c      0x240 ..\src\config\default\driver\device_support\pic32cx_bz2_device_support.a(info_block.o)
 .debug_abbrev  0x00006a7c      0x257 ..\src\config\default\driver\device_support\pic32cx_bz2_device_support.a(rf_system.o)
 .debug_abbrev  0x00006cd3      0x141 ..\src\config\default\driver\device_support\pic32cx_bz2_device_support.a(info_block_plat.o)
 .debug_abbrev  0x00006e14       0xbe ..\src\config\default\driver\device_support\pic32cx_bz2_device_support.a(pmu_dvr.o)
 .debug_abbrev  0x00006ed2      0x150 ..\src\config\default\driver\device_support\pic32cx_bz2_device_support.a(rf.o)
 .debug_abbrev  0x00007022      0x3d7 ..\src\config\default\driver\lib\lib-ieee802154_phy_pic32cxbz-v1.1.0.a(phy.o)
 .debug_abbrev  0x000073f9      0x2fa ..\src\config\default\driver\lib\lib-ieee802154_phy_pic32cxbz-v1.1.0.a(phy_ed.o)
 .debug_abbrev  0x000076f3      0x4f8 ..\src\config\default\driver\lib\lib-ieee802154_phy_pic32cxbz-v1.1.0.a(phy_helper.o)
 .debug_abbrev  0x00007beb      0x43a ..\src\config\default\driver\lib\lib-ieee802154_phy_pic32cxbz-v1.1.0.a(phy_init.o)
 .debug_abbrev  0x00008025      0x3f7 ..\src\config\default\driver\lib\lib-ieee802154_phy_pic32cxbz-v1.1.0.a(phy_irq_handler.o)
 .debug_abbrev  0x0000841c      0x4c7 ..\src\config\default\driver\lib\lib-ieee802154_phy_pic32cxbz-v1.1.0.a(phy_pib.o)
 .debug_abbrev  0x000088e3      0x3a9 ..\src\config\default\driver\lib\lib-ieee802154_phy_pic32cxbz-v1.1.0.a(phy_pwr_mgmt.o)
 .debug_abbrev  0x00008c8c      0x340 ..\src\config\default\driver\lib\lib-ieee802154_phy_pic32cxbz-v1.1.0.a(phy_rx.o)
 .debug_abbrev  0x00008fcc      0x17d ..\src\config\default\driver\lib\lib-ieee802154_phy_pic32cxbz-v1.1.0.a(phy_rx_enable.o)
 .debug_abbrev  0x00009149      0x468 ..\src\config\default\driver\lib\lib-ieee802154_phy_pic32cxbz-v1.1.0.a(phy_tx.o)
 .debug_abbrev  0x000095b1      0x383 ..\src\config\default\driver\lib\lib-ieee802154_phy_pic32cxbz-v1.1.0.a(tfa.o)
 .debug_abbrev  0x00009934       0x44 c:/program files/microchip/xc32/v4.30/bin/bin/../../lib/gcc/pic32c/8.3.1/../../../../pic32c/lib/thumb/v7e-m+fp/hard\libpic32c.a(data_init.o)
 .debug_abbrev  0x00009978      0x117 c:/program files/microchip/xc32/v4.30/bin/bin/../../lib/gcc/pic32c/8.3.1/../../../../pic32c/lib/thumb/v7e-m+fp/hard\libc-musl.a(__libc_start_main.o)
 .debug_abbrev  0x00009a8f       0x2e c:/program files/microchip/xc32/v4.30/bin/bin/../../lib/gcc/pic32c/8.3.1/../../../../pic32c/lib/thumb/v7e-m+fp/hard\libc-musl.a(__errno_location.o)
 .debug_abbrev  0x00009abd       0xb8 c:/program files/microchip/xc32/v4.30/bin/bin/../../lib/gcc/pic32c/8.3.1/../../../../pic32c/lib/thumb/v7e-m+fp/hard\libc-musl.a(libc.o)
 .debug_abbrev  0x00009b75      0x402 c:/program files/microchip/xc32/v4.30/bin/bin/../../lib/gcc/pic32c/8.3.1/../../../../pic32c/lib/thumb/v7e-m+fp/hard\libc-musl.a(malloc.o)
 .debug_abbrev  0x00009f77       0x8b c:/program files/microchip/xc32/v4.30/bin/bin/../../lib/gcc/pic32c/8.3.1/../../../../pic32c/lib/thumb/v7e-m+fp/hard\libc-musl.a(rand.o)
 .debug_abbrev  0x0000a002      0x168 c:/program files/microchip/xc32/v4.30/bin/bin/../../lib/gcc/pic32c/8.3.1/../../../../pic32c/lib/thumb/v7e-m+fp/hard\libc-musl.a(vsnprintf.o)
 .debug_abbrev  0x0000a16a       0xfb c:/program files/microchip/xc32/v4.30/bin/bin/../../lib/gcc/pic32c/8.3.1/../../../../pic32c/lib/thumb/v7e-m+fp/hard\libc-musl.a(sprintf.o)
 .debug_abbrev  0x0000a265       0xc3 c:/program files/microchip/xc32/v4.30/bin/bin/../../lib/gcc/pic32c/8.3.1/../../../../pic32c/lib/thumb/v7e-m+fp/hard\libc-musl.a(vsprintf.o)
 .debug_abbrev  0x0000a328      0x1c7 c:/program files/microchip/xc32/v4.30/bin/bin/../../lib/gcc/pic32c/8.3.1/../../../../pic32c/lib/thumb/v7e-m+fp/hard\libc-musl.a(strtol.o)
 .debug_abbrev  0x0000a4ef       0x8b c:/program files/microchip/xc32/v4.30/bin/bin/../../lib/gcc/pic32c/8.3.1/../../../../pic32c/lib/thumb/v7e-m+fp/hard\libc-musl.a(memcmp.o)
 .debug_abbrev  0x0000a57a       0x9c c:/program files/microchip/xc32/v4.30/bin/bin/../../lib/gcc/pic32c/8.3.1/../../../../pic32c/lib/thumb/v7e-m+fp/hard\libc-musl.a(memcpy.o)
 .debug_abbrev  0x0000a616       0x97 c:/program files/microchip/xc32/v4.30/bin/bin/../../lib/gcc/pic32c/8.3.1/../../../../pic32c/lib/thumb/v7e-m+fp/hard\libc-musl.a(memset.o)
 .debug_abbrev  0x0000a6ad       0x86 c:/program files/microchip/xc32/v4.30/bin/bin/../../lib/gcc/pic32c/8.3.1/../../../../pic32c/lib/thumb/v7e-m+fp/hard\libc-musl.a(strlen.o)
 .debug_abbrev  0x0000a733       0xa2 c:/program files/microchip/xc32/v4.30/bin/bin/../../lib/gcc/pic32c/8.3.1/../../../../pic32c/lib/thumb/v7e-m+fp/hard\libc-musl.a(strchr.o)
 .debug_abbrev  0x0000a7d5       0xa5 c:/program files/microchip/xc32/v4.30/bin/bin/../../lib/gcc/pic32c/8.3.1/../../../../pic32c/lib/thumb/v7e-m+fp/hard\libc-musl.a(strchrnul.o)
 .debug_abbrev  0x0000a87a       0x63 c:/program files/microchip/xc32/v4.30/bin/bin/../../lib/gcc/pic32c/8.3.1/../../../../pic32c/lib/thumb/v7e-m+fp/hard\libc-musl.a(strcmp.o)
 .debug_abbrev  0x0000a8dd       0x8e c:/program files/microchip/xc32/v4.30/bin/bin/../../lib/gcc/pic32c/8.3.1/../../../../pic32c/lib/thumb/v7e-m+fp/hard\libc-musl.a(strcpy.o)
 .debug_abbrev  0x0000a96b       0x86 c:/program files/microchip/xc32/v4.30/bin/bin/../../lib/gcc/pic32c/8.3.1/../../../../pic32c/lib/thumb/v7e-m+fp/hard\libc-musl.a(strncmp.o)
 .debug_abbrev  0x0000a9f1       0x9d c:/program files/microchip/xc32/v4.30/bin/bin/../../lib/gcc/pic32c/8.3.1/../../../../pic32c/lib/thumb/v7e-m+fp/hard\libc-musl.a(strncpy.o)
 .debug_abbrev  0x0000aa8e       0xac c:/program files/microchip/xc32/v4.30/bin/bin/../../lib/gcc/pic32c/8.3.1/../../../../pic32c/lib/thumb/v7e-m+fp/hard\libc-musl.a(strtok.o)
 .debug_abbrev  0x0000ab3a       0x57 c:/program files/microchip/xc32/v4.30/bin/bin/../../lib/gcc/pic32c/8.3.1/../../../../pic32c/lib/thumb/v7e-m+fp/hard\libc-musl.a(__environ.o)
 .debug_abbrev  0x0000ab91      0x1cb c:/program files/microchip/xc32/v4.30/bin/bin/../../lib/gcc/pic32c/8.3.1/../../../../pic32c/lib/thumb/v7e-m+fp/hard\libc-musl.a(intscan.o)
 .debug_abbrev  0x0000ad5c      0x14a c:/program files/microchip/xc32/v4.30/bin/bin/../../lib/gcc/pic32c/8.3.1/../../../../pic32c/lib/thumb/v7e-m+fp/hard\libc-musl.a(shgetc.o)
 .debug_abbrev  0x0000aea6      0x125 c:/program files/microchip/xc32/v4.30/bin/bin/../../lib/gcc/pic32c/8.3.1/../../../../pic32c/lib/thumb/v7e-m+fp/hard\libc-musl.a(__uflow.o)
 .debug_abbrev  0x0000afcb      0x16d c:/program files/microchip/xc32/v4.30/bin/bin/../../lib/gcc/pic32c/8.3.1/../../../../pic32c/lib/thumb/v7e-m+fp/hard\libc-musl.a(vfprintf.o)
 .debug_abbrev  0x0000b138       0x63 c:/program files/microchip/xc32/v4.30/bin/bin/../../lib/gcc/pic32c/8.3.1/../../../../pic32c/lib/thumb/v7e-m+fp/hard\libc-musl.a(stpcpy.o)
 .debug_abbrev  0x0000b19b       0x86 c:/program files/microchip/xc32/v4.30/bin/bin/../../lib/gcc/pic32c/8.3.1/../../../../pic32c/lib/thumb/v7e-m+fp/hard\libc-musl.a(stpncpy.o)
 .debug_abbrev  0x0000b221       0xf5 c:/program files/microchip/xc32/v4.30/bin/bin/../../lib/gcc/pic32c/8.3.1/../../../../pic32c/lib/thumb/v7e-m+fp/hard\libc-musl.a(strcspn.o)
 .debug_abbrev  0x0000b316       0xd2 c:/program files/microchip/xc32/v4.30/bin/bin/../../lib/gcc/pic32c/8.3.1/../../../../pic32c/lib/thumb/v7e-m+fp/hard\libc-musl.a(strspn.o)
 .debug_abbrev  0x0000b3e8      0x12f c:/program files/microchip/xc32/v4.30/bin/bin/../../lib/gcc/pic32c/8.3.1/../../../../pic32c/lib/thumb/v7e-m+fp/hard\libc-musl.a(__toread.o)
 .debug_abbrev  0x0000b517       0xbd c:/program files/microchip/xc32/v4.30/bin/bin/../../lib/gcc/pic32c/8.3.1/../../../../pic32c/lib/thumb/v7e-m+fp/hard\libc-musl.a(__pop_float.o)
 .debug_abbrev  0x0000b5d4       0xbd c:/program files/microchip/xc32/v4.30/bin/bin/../../lib/gcc/pic32c/8.3.1/../../../../pic32c/lib/thumb/v7e-m+fp/hard\libc-musl.a(__pop_int.o)
 .debug_abbrev  0x0000b691       0xce c:/program files/microchip/xc32/v4.30/bin/bin/../../lib/gcc/pic32c/8.3.1/../../../../pic32c/lib/thumb/v7e-m+fp/hard\libc-musl.a(__pop_ptr.o)
 .debug_abbrev  0x0000b75f      0x2c5 c:/program files/microchip/xc32/v4.30/bin/bin/../../lib/gcc/pic32c/8.3.1/../../../../pic32c/lib/thumb/v7e-m+fp/hard\libc-musl.a(__printf_core.o)
 .debug_abbrev  0x0000ba24       0xbb c:/program files/microchip/xc32/v4.30/bin/bin/../../lib/gcc/pic32c/8.3.1/../../../../pic32c/lib/thumb/v7e-m+fp/hard\libc-musl.a(atoi.o)
 .debug_abbrev  0x0000badf       0xfd c:/program files/microchip/xc32/v4.30/bin/bin/../../lib/gcc/pic32c/8.3.1/../../../../pic32c/lib/thumb/v7e-m+fp/hard\libc-musl.a(tolower.o)
 .debug_abbrev  0x0000bbdc      0x194 c:/program files/microchip/xc32/v4.30/bin/bin/../../lib/gcc/pic32c/8.3.1/../../../../pic32c/lib/thumb/v7e-m+fp/hard\libc-musl.a(__fmt_a.o)
 .debug_abbrev  0x0000bd70      0x120 c:/program files/microchip/xc32/v4.30/bin/bin/../../lib/gcc/pic32c/8.3.1/../../../../pic32c/lib/thumb/v7e-m+fp/hard\libc-musl.a(__fmt_d.o)
 .debug_abbrev  0x0000be90      0x1b3 c:/program files/microchip/xc32/v4.30/bin/bin/../../lib/gcc/pic32c/8.3.1/../../../../pic32c/lib/thumb/v7e-m+fp/hard\libc-musl.a(__fmt_fp.o)
 .debug_abbrev  0x0000c043      0x120 c:/program files/microchip/xc32/v4.30/bin/bin/../../lib/gcc/pic32c/8.3.1/../../../../pic32c/lib/thumb/v7e-m+fp/hard\libc-musl.a(__fmt_o.o)
 .debug_abbrev  0x0000c163      0x10b c:/program files/microchip/xc32/v4.30/bin/bin/../../lib/gcc/pic32c/8.3.1/../../../../pic32c/lib/thumb/v7e-m+fp/hard\libc-musl.a(__fmt_s.o)
 .debug_abbrev  0x0000c26e      0x120 c:/program files/microchip/xc32/v4.30/bin/bin/../../lib/gcc/pic32c/8.3.1/../../../../pic32c/lib/thumb/v7e-m+fp/hard\libc-musl.a(__fmt_u.o)
 .debug_abbrev  0x0000c38e      0x10f c:/program files/microchip/xc32/v4.30/bin/bin/../../lib/gcc/pic32c/8.3.1/../../../../pic32c/lib/thumb/v7e-m+fp/hard\libc-musl.a(__fmt_x.o)
 .debug_abbrev  0x0000c49d       0xfd c:/program files/microchip/xc32/v4.30/bin/bin/../../lib/gcc/pic32c/8.3.1/../../../../pic32c/lib/thumb/v7e-m+fp/hard\libc-musl.a(toupper.o)
 .debug_abbrev  0x0000c59a       0xa1 c:/program files/microchip/xc32/v4.30/bin/bin/../../lib/gcc/pic32c/8.3.1/../../../../pic32c/lib/thumb/v7e-m+fp/hard\libc-musl.a(__cvt_u.o)
 .debug_abbrev  0x0000c63b       0x14 c:/program files/microchip/xc32/v4.30/bin/bin/../../lib/gcc/pic32c/8.3.1/thumb/v7e-m+fp/hard\libgcc.a(_aeabi_uldivmod.o)
 .debug_abbrev  0x0000c64f       0xf2 c:/program files/microchip/xc32/v4.30/bin/bin/../../lib/gcc/pic32c/8.3.1/thumb/v7e-m+fp/hard\libgcc.a(_udivmoddi4.o)
 .debug_abbrev  0x0000c741       0x14 c:/program files/microchip/xc32/v4.30/bin/bin/../../lib/gcc/pic32c/8.3.1/thumb/v7e-m+fp/hard\libgcc.a(_dvmd_tls.o)
 .debug_abbrev  0x0000c755       0x2e c:/program files/microchip/xc32/v4.30/bin/bin/../../lib/gcc/pic32c/8.3.1/../../../../pic32c/lib/thumb/v7e-m+fp/hard\libpic32c.a(pic32_data_init_clear.o)
 .debug_abbrev  0x0000c783       0x2e c:/program files/microchip/xc32/v4.30/bin/bin/../../lib/gcc/pic32c/8.3.1/../../../../pic32c/lib/thumb/v7e-m+fp/hard\libpic32c.a(pic32_data_init_copy.o)

.debug_loc      0x00000000    0x23857
 .debug_loc     0x00000000     0x1903 build/default/production/_ext/297566330/app_p2p_phy.o
 .debug_loc     0x00001903     0x4a14 build/default/production/_ext/767817240/app_phy_cmd_processor.o
 .debug_loc     0x00006317      0x628 build/default/production/_ext/1529399856/osal_freertos.o
 .debug_loc     0x0000693f      0x466 build/default/production/_ext/1529399856/osal_freertos_extend.o
 .debug_loc     0x00006da5       0x82 build/default/production/_ext/60165520/plib_clk.o
 .debug_loc     0x00006e27       0x9b build/default/production/_ext/1865254177/plib_gpio.o
 .debug_loc     0x00006ec2      0x19b build/default/production/_ext/1865468468/plib_nvic.o
 .debug_loc     0x0000705d      0x7d9 build/default/production/_ext/60176403/plib_nvm.o
 .debug_loc     0x00007836      0xf34 build/default/production/_ext/504274921/plib_sercom0_usart.o
 .debug_loc     0x0000876a       0x80 build/default/production/_ext/829342655/plib_tc0.o
 .debug_loc     0x000087ea     0x2250 build/default/production/_ext/1376093119/sys_command.o
 .debug_loc     0x0000aa3a      0x8b8 build/default/production/_ext/1832805299/sys_console.o
 .debug_loc     0x0000b2f2      0x836 build/default/production/_ext/1832805299/sys_console_uart.o
 .debug_loc     0x0000bb28      0x154 build/default/production/_ext/1881668453/sys_int.o
 .debug_loc     0x0000bc7c     0x24b0 build/default/production/_ext/101884895/sys_time.o
 .debug_loc     0x0000e12c       0x4a build/default/production/_ext/1171490990/startup_xc32.o
 .debug_loc     0x0000e176       0x9a build/default/production/_ext/1171490990/initialization.o
 .debug_loc     0x0000e210      0x113 build/default/production/_ext/1171490990/tasks.o
 .debug_loc     0x0000e323       0x8e build/default/production/_ext/1171490990/freertos_hooks.o
 .debug_loc     0x0000e3b1      0x1aa build/default/production/_ext/246609638/port.o
 .debug_loc     0x0000e55b      0x5cc build/default/production/_ext/1665200909/heap_4.o
 .debug_loc     0x0000eb27     0x22a1 build/default/production/_ext/404212886/queue.o
 .debug_loc     0x00010dc8      0x131 build/default/production/_ext/404212886/list.o
 .debug_loc     0x00010ef9     0x28dd build/default/production/_ext/404212886/FreeRTOS_tasks.o
 .debug_loc     0x000137d6       0x20 build/default/production/_ext/1360937237/main.o
 .debug_loc     0x000137f6       0xdd build/default/production/_ext/1360937237/app_idle_task.o
 .debug_loc     0x000138d3       0x6f build/default/production/_ext/1360937237/app.o
 .debug_loc     0x00013942       0x25 build/default/production/_ext/957911548/phy_rx_frame_cb.o
 .debug_loc     0x00013967      0x180 build/default/production/_ext/1374435801/bmm.o
 .debug_loc     0x00013ae7      0x8c4 build/default/production/_ext/745501718/pal.o
 .debug_loc     0x000143ab       0xbb build/default/production/_ext/957911548/phy_task.o
 .debug_loc     0x00014466      0x42b build/default/production/_ext/874725666/qmm.o
 .debug_loc     0x00014891      0xccb ..\src\config\default\driver\pds\pds.a(wlPdsDataServer.o)
 .debug_loc     0x0001555c      0x13b ..\src\config\default\driver\pds\pds.a(wlPdsInit.o)
 .debug_loc     0x00015697      0x58b ..\src\config\default\driver\pds\pds.a(D_Nv.o)
 .debug_loc     0x00015c22     0x177e ..\src\config\default\driver\pds\pds.a(S_Nv-Chimera.o)
 .debug_loc     0x000173a0      0x728 ..\src\config\default\driver\device_support\pic32cx_bz2_device_support.a(info_block.o)
 .debug_loc     0x00017ac8      0x3c4 ..\src\config\default\driver\device_support\pic32cx_bz2_device_support.a(rf_system.o)
 .debug_loc     0x00017e8c       0xf0 ..\src\config\default\driver\device_support\pic32cx_bz2_device_support.a(info_block_plat.o)
 .debug_loc     0x00017f7c       0xb8 ..\src\config\default\driver\device_support\pic32cx_bz2_device_support.a(pmu_dvr.o)
 .debug_loc     0x00018034      0x254 ..\src\config\default\driver\device_support\pic32cx_bz2_device_support.a(rf.o)
 .debug_loc     0x00018288      0x789 ..\src\config\default\driver\lib\lib-ieee802154_phy_pic32cxbz-v1.1.0.a(phy.o)
 .debug_loc     0x00018a11      0x363 ..\src\config\default\driver\lib\lib-ieee802154_phy_pic32cxbz-v1.1.0.a(phy_ed.o)
 .debug_loc     0x00018d74     0x1348 ..\src\config\default\driver\lib\lib-ieee802154_phy_pic32cxbz-v1.1.0.a(phy_helper.o)
 .debug_loc     0x0001a0bc      0x27e ..\src\config\default\driver\lib\lib-ieee802154_phy_pic32cxbz-v1.1.0.a(phy_init.o)
 .debug_loc     0x0001a33a      0x6d7 ..\src\config\default\driver\lib\lib-ieee802154_phy_pic32cxbz-v1.1.0.a(phy_irq_handler.o)
 .debug_loc     0x0001aa11     0x1152 ..\src\config\default\driver\lib\lib-ieee802154_phy_pic32cxbz-v1.1.0.a(phy_pib.o)
 .debug_loc     0x0001bb63      0x2e2 ..\src\config\default\driver\lib\lib-ieee802154_phy_pic32cxbz-v1.1.0.a(phy_pwr_mgmt.o)
 .debug_loc     0x0001be45      0xb68 ..\src\config\default\driver\lib\lib-ieee802154_phy_pic32cxbz-v1.1.0.a(phy_rx.o)
 .debug_loc     0x0001c9ad       0x7f ..\src\config\default\driver\lib\lib-ieee802154_phy_pic32cxbz-v1.1.0.a(phy_rx_enable.o)
 .debug_loc     0x0001ca2c      0x624 ..\src\config\default\driver\lib\lib-ieee802154_phy_pic32cxbz-v1.1.0.a(phy_tx.o)
 .debug_loc     0x0001d050      0x683 ..\src\config\default\driver\lib\lib-ieee802154_phy_pic32cxbz-v1.1.0.a(tfa.o)
 .debug_loc     0x0001d6d3       0x14 c:/program files/microchip/xc32/v4.30/bin/bin/../../lib/gcc/pic32c/8.3.1/../../../../pic32c/lib/thumb/v7e-m+fp/hard\libpic32c.a(data_init.o)
 .debug_loc     0x0001d6e7       0x51 c:/program files/microchip/xc32/v4.30/bin/bin/../../lib/gcc/pic32c/8.3.1/../../../../pic32c/lib/thumb/v7e-m+fp/hard\libc-musl.a(__libc_start_main.o)
 .debug_loc     0x0001d738      0xcef c:/program files/microchip/xc32/v4.30/bin/bin/../../lib/gcc/pic32c/8.3.1/../../../../pic32c/lib/thumb/v7e-m+fp/hard\libc-musl.a(malloc.o)
 .debug_loc     0x0001e427       0x24 c:/program files/microchip/xc32/v4.30/bin/bin/../../lib/gcc/pic32c/8.3.1/../../../../pic32c/lib/thumb/v7e-m+fp/hard\libc-musl.a(rand.o)
 .debug_loc     0x0001e44b       0xeb c:/program files/microchip/xc32/v4.30/bin/bin/../../lib/gcc/pic32c/8.3.1/../../../../pic32c/lib/thumb/v7e-m+fp/hard\libc-musl.a(vsnprintf.o)
 .debug_loc     0x0001e536       0x8a c:/program files/microchip/xc32/v4.30/bin/bin/../../lib/gcc/pic32c/8.3.1/../../../../pic32c/lib/thumb/v7e-m+fp/hard\libc-musl.a(sprintf.o)
 .debug_loc     0x0001e5c0       0x6c c:/program files/microchip/xc32/v4.30/bin/bin/../../lib/gcc/pic32c/8.3.1/../../../../pic32c/lib/thumb/v7e-m+fp/hard\libc-musl.a(vsprintf.o)
 .debug_loc     0x0001e62c      0x440 c:/program files/microchip/xc32/v4.30/bin/bin/../../lib/gcc/pic32c/8.3.1/../../../../pic32c/lib/thumb/v7e-m+fp/hard\libc-musl.a(strtol.o)
 .debug_loc     0x0001ea6c      0x10c c:/program files/microchip/xc32/v4.30/bin/bin/../../lib/gcc/pic32c/8.3.1/../../../../pic32c/lib/thumb/v7e-m+fp/hard\libc-musl.a(memcmp.o)
 .debug_loc     0x0001eb78       0xe5 c:/program files/microchip/xc32/v4.30/bin/bin/../../lib/gcc/pic32c/8.3.1/../../../../pic32c/lib/thumb/v7e-m+fp/hard\libc-musl.a(memcpy.o)
 .debug_loc     0x0001ec5d       0x56 c:/program files/microchip/xc32/v4.30/bin/bin/../../lib/gcc/pic32c/8.3.1/../../../../pic32c/lib/thumb/v7e-m+fp/hard\libc-musl.a(memset.o)
 .debug_loc     0x0001ecb3       0x47 c:/program files/microchip/xc32/v4.30/bin/bin/../../lib/gcc/pic32c/8.3.1/../../../../pic32c/lib/thumb/v7e-m+fp/hard\libc-musl.a(strlen.o)
 .debug_loc     0x0001ecfa       0x8c c:/program files/microchip/xc32/v4.30/bin/bin/../../lib/gcc/pic32c/8.3.1/../../../../pic32c/lib/thumb/v7e-m+fp/hard\libc-musl.a(strchr.o)
 .debug_loc     0x0001ed86      0x11a c:/program files/microchip/xc32/v4.30/bin/bin/../../lib/gcc/pic32c/8.3.1/../../../../pic32c/lib/thumb/v7e-m+fp/hard\libc-musl.a(strchrnul.o)
 .debug_loc     0x0001eea0       0x96 c:/program files/microchip/xc32/v4.30/bin/bin/../../lib/gcc/pic32c/8.3.1/../../../../pic32c/lib/thumb/v7e-m+fp/hard\libc-musl.a(strcmp.o)
 .debug_loc     0x0001ef36       0x67 c:/program files/microchip/xc32/v4.30/bin/bin/../../lib/gcc/pic32c/8.3.1/../../../../pic32c/lib/thumb/v7e-m+fp/hard\libc-musl.a(strcpy.o)
 .debug_loc     0x0001ef9d      0x1b1 c:/program files/microchip/xc32/v4.30/bin/bin/../../lib/gcc/pic32c/8.3.1/../../../../pic32c/lib/thumb/v7e-m+fp/hard\libc-musl.a(strncmp.o)
 .debug_loc     0x0001f14e       0x8c c:/program files/microchip/xc32/v4.30/bin/bin/../../lib/gcc/pic32c/8.3.1/../../../../pic32c/lib/thumb/v7e-m+fp/hard\libc-musl.a(strncpy.o)
 .debug_loc     0x0001f1da       0x71 c:/program files/microchip/xc32/v4.30/bin/bin/../../lib/gcc/pic32c/8.3.1/../../../../pic32c/lib/thumb/v7e-m+fp/hard\libc-musl.a(strtok.o)
 .debug_loc     0x0001f24b      0x5df c:/program files/microchip/xc32/v4.30/bin/bin/../../lib/gcc/pic32c/8.3.1/../../../../pic32c/lib/thumb/v7e-m+fp/hard\libc-musl.a(intscan.o)
 .debug_loc     0x0001f82a       0x91 c:/program files/microchip/xc32/v4.30/bin/bin/../../lib/gcc/pic32c/8.3.1/../../../../pic32c/lib/thumb/v7e-m+fp/hard\libc-musl.a(shgetc.o)
 .debug_loc     0x0001f8bb       0x5a c:/program files/microchip/xc32/v4.30/bin/bin/../../lib/gcc/pic32c/8.3.1/../../../../pic32c/lib/thumb/v7e-m+fp/hard\libc-musl.a(__uflow.o)
 .debug_loc     0x0001f915       0x88 c:/program files/microchip/xc32/v4.30/bin/bin/../../lib/gcc/pic32c/8.3.1/../../../../pic32c/lib/thumb/v7e-m+fp/hard\libc-musl.a(vfprintf.o)
 .debug_loc     0x0001f99d       0x60 c:/program files/microchip/xc32/v4.30/bin/bin/../../lib/gcc/pic32c/8.3.1/../../../../pic32c/lib/thumb/v7e-m+fp/hard\libc-musl.a(stpcpy.o)
 .debug_loc     0x0001f9fd      0x15b c:/program files/microchip/xc32/v4.30/bin/bin/../../lib/gcc/pic32c/8.3.1/../../../../pic32c/lib/thumb/v7e-m+fp/hard\libc-musl.a(stpncpy.o)
 .debug_loc     0x0001fb58      0x13d c:/program files/microchip/xc32/v4.30/bin/bin/../../lib/gcc/pic32c/8.3.1/../../../../pic32c/lib/thumb/v7e-m+fp/hard\libc-musl.a(strcspn.o)
 .debug_loc     0x0001fc95      0x13f c:/program files/microchip/xc32/v4.30/bin/bin/../../lib/gcc/pic32c/8.3.1/../../../../pic32c/lib/thumb/v7e-m+fp/hard\libc-musl.a(strspn.o)
 .debug_loc     0x0001fdd4       0x42 c:/program files/microchip/xc32/v4.30/bin/bin/../../lib/gcc/pic32c/8.3.1/../../../../pic32c/lib/thumb/v7e-m+fp/hard\libc-musl.a(__toread.o)
 .debug_loc     0x0001fe16       0xa6 c:/program files/microchip/xc32/v4.30/bin/bin/../../lib/gcc/pic32c/8.3.1/../../../../pic32c/lib/thumb/v7e-m+fp/hard\libc-musl.a(__pop_float.o)
 .debug_loc     0x0001febc      0x2f5 c:/program files/microchip/xc32/v4.30/bin/bin/../../lib/gcc/pic32c/8.3.1/../../../../pic32c/lib/thumb/v7e-m+fp/hard\libc-musl.a(__pop_int.o)
 .debug_loc     0x000201b1      0x1db c:/program files/microchip/xc32/v4.30/bin/bin/../../lib/gcc/pic32c/8.3.1/../../../../pic32c/lib/thumb/v7e-m+fp/hard\libc-musl.a(__pop_ptr.o)
 .debug_loc     0x0002038c      0x5e9 c:/program files/microchip/xc32/v4.30/bin/bin/../../lib/gcc/pic32c/8.3.1/../../../../pic32c/lib/thumb/v7e-m+fp/hard\libc-musl.a(__printf_core.o)
 .debug_loc     0x00020975       0xd8 c:/program files/microchip/xc32/v4.30/bin/bin/../../lib/gcc/pic32c/8.3.1/../../../../pic32c/lib/thumb/v7e-m+fp/hard\libc-musl.a(atoi.o)
 .debug_loc     0x00020a4d       0x4a c:/program files/microchip/xc32/v4.30/bin/bin/../../lib/gcc/pic32c/8.3.1/../../../../pic32c/lib/thumb/v7e-m+fp/hard\libc-musl.a(tolower.o)
 .debug_loc     0x00020a97      0xb2d c:/program files/microchip/xc32/v4.30/bin/bin/../../lib/gcc/pic32c/8.3.1/../../../../pic32c/lib/thumb/v7e-m+fp/hard\libc-musl.a(__fmt_a.o)
 .debug_loc     0x000215c4      0x1ef c:/program files/microchip/xc32/v4.30/bin/bin/../../lib/gcc/pic32c/8.3.1/../../../../pic32c/lib/thumb/v7e-m+fp/hard\libc-musl.a(__fmt_d.o)
 .debug_loc     0x000217b3      0xa5d c:/program files/microchip/xc32/v4.30/bin/bin/../../lib/gcc/pic32c/8.3.1/../../../../pic32c/lib/thumb/v7e-m+fp/hard\libc-musl.a(__fmt_fp.o)
 .debug_loc     0x00022210      0x10a c:/program files/microchip/xc32/v4.30/bin/bin/../../lib/gcc/pic32c/8.3.1/../../../../pic32c/lib/thumb/v7e-m+fp/hard\libc-musl.a(__fmt_o.o)
 .debug_loc     0x0002231a      0x157 c:/program files/microchip/xc32/v4.30/bin/bin/../../lib/gcc/pic32c/8.3.1/../../../../pic32c/lib/thumb/v7e-m+fp/hard\libc-musl.a(__fmt_s.o)
 .debug_loc     0x00022471      0x10a c:/program files/microchip/xc32/v4.30/bin/bin/../../lib/gcc/pic32c/8.3.1/../../../../pic32c/lib/thumb/v7e-m+fp/hard\libc-musl.a(__fmt_u.o)
 .debug_loc     0x0002257b      0x26d c:/program files/microchip/xc32/v4.30/bin/bin/../../lib/gcc/pic32c/8.3.1/../../../../pic32c/lib/thumb/v7e-m+fp/hard\libc-musl.a(__fmt_x.o)